17-Feb-2026 14:42:43.022 INFO [main] org.apache.catalina.startup.VersionLoggerListener.log Nom version serveur :              Apache Tomcat/11.0.1
17-Feb-2026 14:42:43.026 INFO [main] org.apache.catalina.startup.VersionLoggerListener.log Serveur compilé :                  Nov 6 2024 19:08:24 UTC
17-Feb-2026 14:42:43.029 INFO [main] org.apache.catalina.startup.VersionLoggerListener.log Version du serveur :               11.0.1.0
17-Feb-2026 14:42:43.029 INFO [main] org.apache.catalina.startup.VersionLoggerListener.log Nom de l'OS :                      Linux
17-Feb-2026 14:42:43.029 INFO [main] org.apache.catalina.startup.VersionLoggerListener.log Version OS :                       6.14.0-37-generic
17-Feb-2026 14:42:43.029 INFO [main] org.apache.catalina.startup.VersionLoggerListener.log Architecture :                     amd64
17-Feb-2026 14:42:43.030 INFO [main] org.apache.catalina.startup.VersionLoggerListener.log Java Home :                        /mnt/n7fs/ens/tp_dh/jdk-17.0.5
17-Feb-2026 14:42:43.030 INFO [main] org.apache.catalina.startup.VersionLoggerListener.log Version JVM :                      17.0.5+9-LTS-191
17-Feb-2026 14:42:43.030 INFO [main] org.apache.catalina.startup.VersionLoggerListener.log Fournisseur de la JVM :            Oracle Corporation
17-Feb-2026 14:42:43.030 INFO [main] org.apache.catalina.startup.VersionLoggerListener.log CATALINA_BASE :                    /home/abi7287/2A/AW/TP2/apache-tomcat-11.0.1
17-Feb-2026 14:42:43.030 INFO [main] org.apache.catalina.startup.VersionLoggerListener.log CATALINA_HOME :                    /home/abi7287/2A/AW/TP2/apache-tomcat-11.0.1
17-Feb-2026 14:42:43.048 INFO [main] org.apache.catalina.startup.VersionLoggerListener.log Argument de la ligne de commande : -Djava.util.logging.config.file=/home/abi7287/2A/AW/TP2/apache-tomcat-11.0.1/conf/logging.properties
17-Feb-2026 14:42:43.048 INFO [main] org.apache.catalina.startup.VersionLoggerListener.log Argument de la ligne de commande : -Djava.util.logging.manager=org.apache.juli.ClassLoaderLogManager
17-Feb-2026 14:42:43.048 INFO [main] org.apache.catalina.startup.VersionLoggerListener.log Argument de la ligne de commande : -Djdk.tls.ephemeralDHKeySize=2048
17-Feb-2026 14:42:43.050 INFO [main] org.apache.catalina.startup.VersionLoggerListener.log Argument de la ligne de commande : -Dorg.apache.catalina.security.SecurityListener.UMASK=0027
17-Feb-2026 14:42:43.053 INFO [main] org.apache.catalina.startup.VersionLoggerListener.log Argument de la ligne de commande : --add-opens=java.base/java.lang=ALL-UNNAMED
17-Feb-2026 14:42:43.053 INFO [main] org.apache.catalina.startup.VersionLoggerListener.log Argument de la ligne de commande : --add-opens=java.base/java.io=ALL-UNNAMED
17-Feb-2026 14:42:43.053 INFO [main] org.apache.catalina.startup.VersionLoggerListener.log Argument de la ligne de commande : --add-opens=java.base/java.util=ALL-UNNAMED
17-Feb-2026 14:42:43.053 INFO [main] org.apache.catalina.startup.VersionLoggerListener.log Argument de la ligne de commande : --add-opens=java.base/java.util.concurrent=ALL-UNNAMED
17-Feb-2026 14:42:43.053 INFO [main] org.apache.catalina.startup.VersionLoggerListener.log Argument de la ligne de commande : --add-opens=java.rmi/sun.rmi.transport=ALL-UNNAMED
17-Feb-2026 14:42:43.053 INFO [main] org.apache.catalina.startup.VersionLoggerListener.log Argument de la ligne de commande : --enable-native-access=ALL-UNNAMED
17-Feb-2026 14:42:43.053 INFO [main] org.apache.catalina.startup.VersionLoggerListener.log Argument de la ligne de commande : -Dcatalina.base=/home/abi7287/2A/AW/TP2/apache-tomcat-11.0.1
17-Feb-2026 14:42:43.053 INFO [main] org.apache.catalina.startup.VersionLoggerListener.log Argument de la ligne de commande : -Dcatalina.home=/home/abi7287/2A/AW/TP2/apache-tomcat-11.0.1
17-Feb-2026 14:42:43.053 INFO [main] org.apache.catalina.startup.VersionLoggerListener.log Argument de la ligne de commande : -Djava.io.tmpdir=/home/abi7287/2A/AW/TP2/apache-tomcat-11.0.1/temp
17-Feb-2026 14:42:43.060 INFO [main] org.apache.catalina.core.AprLifecycleListener.lifecycleEvent La librairie Apache Tomcat Native basée sur APR qui permet des performances optimales dans les environnements de production n'a pas été trouvée sur le java.library.path : [/usr/java/packages/lib:/usr/lib64:/lib64:/lib:/usr/lib]
17-Feb-2026 14:42:43.282 INFO [main] org.apache.coyote.AbstractProtocol.init Initialisation du gestionnaire de protocole ["http-nio-8080"]
17-Feb-2026 14:42:43.307 INFO [main] org.apache.catalina.startup.Catalina.load L'initialisation du serveur a pris [589] millisecondes
17-Feb-2026 14:42:43.350 INFO [main] org.apache.catalina.core.StandardService.startInternal Démarrage du service [Catalina]
17-Feb-2026 14:42:43.350 INFO [main] org.apache.catalina.core.StandardEngine.startInternal Démarrage du moteur de Servlets : [Apache Tomcat/11.0.1]
17-Feb-2026 14:42:43.406 INFO [main] org.apache.catalina.startup.HostConfig.deployWAR Déploiement de l'archive [/home/abi7287/2A/AW/TP2/apache-tomcat-11.0.1/webapps/template.war] de l'application web
17-Feb-2026 14:42:44.147 INFO [main] org.apache.catalina.startup.HostConfig.deployWAR Le déploiement de l'archive de l'application web [/home/abi7287/2A/AW/TP2/apache-tomcat-11.0.1/webapps/template.war] s'est terminé en [738] ms
17-Feb-2026 14:42:44.149 INFO [main] org.apache.catalina.startup.HostConfig.deployDirectory Déploiement du répertoire d'application web [/home/abi7287/2A/AW/TP2/apache-tomcat-11.0.1/webapps/ROOT]
17-Feb-2026 14:42:44.178 INFO [main] org.apache.catalina.startup.HostConfig.deployDirectory Le déploiement du répertoire [/home/abi7287/2A/AW/TP2/apache-tomcat-11.0.1/webapps/ROOT] de l'application web s'est terminé en [29] ms
17-Feb-2026 14:42:44.179 INFO [main] org.apache.catalina.startup.HostConfig.deployDirectory Déploiement du répertoire d'application web [/home/abi7287/2A/AW/TP2/apache-tomcat-11.0.1/webapps/manager]
17-Feb-2026 14:42:44.231 INFO [main] org.apache.catalina.startup.HostConfig.deployDirectory Le déploiement du répertoire [/home/abi7287/2A/AW/TP2/apache-tomcat-11.0.1/webapps/manager] de l'application web s'est terminé en [52] ms
17-Feb-2026 14:42:44.232 INFO [main] org.apache.catalina.startup.HostConfig.deployDirectory Déploiement du répertoire d'application web [/home/abi7287/2A/AW/TP2/apache-tomcat-11.0.1/webapps/examples]
17-Feb-2026 14:42:45.103 INFO [main] org.apache.catalina.startup.HostConfig.deployDirectory Le déploiement du répertoire [/home/abi7287/2A/AW/TP2/apache-tomcat-11.0.1/webapps/examples] de l'application web s'est terminé en [871] ms
17-Feb-2026 14:42:45.105 INFO [main] org.apache.catalina.startup.HostConfig.deployDirectory Déploiement du répertoire d'application web [/home/abi7287/2A/AW/TP2/apache-tomcat-11.0.1/webapps/docs]
17-Feb-2026 14:42:45.146 INFO [main] org.apache.catalina.startup.HostConfig.deployDirectory Le déploiement du répertoire [/home/abi7287/2A/AW/TP2/apache-tomcat-11.0.1/webapps/docs] de l'application web s'est terminé en [41] ms
17-Feb-2026 14:42:45.147 INFO [main] org.apache.catalina.startup.HostConfig.deployDirectory Déploiement du répertoire d'application web [/home/abi7287/2A/AW/TP2/apache-tomcat-11.0.1/webapps/host-manager]
17-Feb-2026 14:42:45.191 INFO [main] org.apache.catalina.startup.HostConfig.deployDirectory Le déploiement du répertoire [/home/abi7287/2A/AW/TP2/apache-tomcat-11.0.1/webapps/host-manager] de l'application web s'est terminé en [44] ms
17-Feb-2026 14:42:45.193 INFO [main] org.apache.coyote.AbstractProtocol.start Démarrage du gestionnaire de protocole ["http-nio-8080"]
17-Feb-2026 14:42:45.201 INFO [main] org.apache.catalina.startup.Catalina.start Le démarrage du serveur a pris [1893] millisecondes
17-Feb-2026 14:45:15.393 INFO [Catalina-utility-1] org.apache.catalina.startup.HostConfig.undeploy Retrait de l'application web ayant pour chemin de contexte [/template]
17-Feb-2026 14:45:15.754 INFO [Catalina-utility-1] org.apache.catalina.startup.HostConfig.deployWAR Déploiement de l'archive [/home/abi7287/2A/AW/TP2/apache-tomcat-11.0.1/webapps/template.war] de l'application web
17-Feb-2026 14:45:17.394 INFO [Catalina-utility-1] org.apache.jasper.servlet.TldScanner.scanJars Au moins un fichier JAR a été analysé pour trouver des TLDs mais il n'en contenait pas, le mode "debug" du journal peut être activé pour obtenir une liste complète de JAR scannés sans succès ; éviter d'analyser des JARs inutilement peut améliorer sensiblement le temps de démarrage et le temps de compilation des JSPs
17-Feb-2026 14:45:17.439 INFO [Catalina-utility-1] org.apache.catalina.startup.HostConfig.deployWAR Le déploiement de l'archive de l'application web [/home/abi7287/2A/AW/TP2/apache-tomcat-11.0.1/webapps/template.war] s'est terminé en [1 685] ms
17-Feb-2026 14:57:18.338 INFO [Catalina-utility-2] org.apache.catalina.startup.HostConfig.undeploy Retrait de l'application web ayant pour chemin de contexte [/template]
17-Feb-2026 14:57:18.343 WARNING [Catalina-utility-2] org.apache.catalina.loader.WebappClassLoaderBase.clearReferencesJdbc L'application web [template] a enregistré un pilote JDBC [org.hsqldb.jdbc.JDBCDriver], mais ne l'a pas désenregistré avant l'arrêt de l'application.  Pour éviter une fuite de mémoire, le pilote JDBC a été désenregistré de force.
17-Feb-2026 14:57:18.665 INFO [Catalina-utility-2] org.apache.catalina.startup.HostConfig.deployWAR Déploiement de l'archive [/home/abi7287/2A/AW/TP2/apache-tomcat-11.0.1/webapps/template.war] de l'application web
17-Feb-2026 14:57:20.009 INFO [Catalina-utility-2] org.apache.jasper.servlet.TldScanner.scanJars Au moins un fichier JAR a été analysé pour trouver des TLDs mais il n'en contenait pas, le mode "debug" du journal peut être activé pour obtenir une liste complète de JAR scannés sans succès ; éviter d'analyser des JARs inutilement peut améliorer sensiblement le temps de démarrage et le temps de compilation des JSPs
17-Feb-2026 14:57:20.054 INFO [Catalina-utility-2] org.apache.catalina.startup.HostConfig.deployWAR Le déploiement de l'archive de l'application web [/home/abi7287/2A/AW/TP2/apache-tomcat-11.0.1/webapps/template.war] s'est terminé en [1 388] ms
17-Feb-2026 15:07:00.898 INFO [Catalina-utility-2] org.apache.catalina.startup.HostConfig.undeploy Retrait de l'application web ayant pour chemin de contexte [/template]
17-Feb-2026 15:07:00.903 WARNING [Catalina-utility-2] org.apache.catalina.loader.WebappClassLoaderBase.clearReferencesJdbc L'application web [template] a enregistré un pilote JDBC [org.hsqldb.jdbc.JDBCDriver], mais ne l'a pas désenregistré avant l'arrêt de l'application.  Pour éviter une fuite de mémoire, le pilote JDBC a été désenregistré de force.
17-Feb-2026 15:07:01.232 INFO [Catalina-utility-2] org.apache.catalina.startup.HostConfig.deployWAR Déploiement de l'archive [/home/abi7287/2A/AW/TP2/apache-tomcat-11.0.1/webapps/template.war] de l'application web
17-Feb-2026 15:07:02.923 INFO [Catalina-utility-2] org.apache.jasper.servlet.TldScanner.scanJars Au moins un fichier JAR a été analysé pour trouver des TLDs mais il n'en contenait pas, le mode "debug" du journal peut être activé pour obtenir une liste complète de JAR scannés sans succès ; éviter d'analyser des JARs inutilement peut améliorer sensiblement le temps de démarrage et le temps de compilation des JSPs
17-Feb-2026 15:07:02.978 INFO [Catalina-utility-2] org.apache.catalina.startup.HostConfig.deployWAR Le déploiement de l'archive de l'application web [/home/abi7287/2A/AW/TP2/apache-tomcat-11.0.1/webapps/template.war] s'est terminé en [1 746] ms
17-Feb-2026 15:08:33.169 INFO [Catalina-utility-1] org.apache.catalina.startup.HostConfig.undeploy Retrait de l'application web ayant pour chemin de contexte [/template]
17-Feb-2026 15:08:33.172 WARNING [Catalina-utility-1] org.apache.catalina.loader.WebappClassLoaderBase.clearReferencesJdbc L'application web [template] a enregistré un pilote JDBC [org.hsqldb.jdbc.JDBCDriver], mais ne l'a pas désenregistré avant l'arrêt de l'application.  Pour éviter une fuite de mémoire, le pilote JDBC a été désenregistré de force.
17-Feb-2026 15:08:33.513 INFO [Catalina-utility-1] org.apache.catalina.startup.HostConfig.deployWAR Déploiement de l'archive [/home/abi7287/2A/AW/TP2/apache-tomcat-11.0.1/webapps/template.war] de l'application web
17-Feb-2026 15:08:34.821 INFO [Catalina-utility-1] org.apache.jasper.servlet.TldScanner.scanJars Au moins un fichier JAR a été analysé pour trouver des TLDs mais il n'en contenait pas, le mode "debug" du journal peut être activé pour obtenir une liste complète de JAR scannés sans succès ; éviter d'analyser des JARs inutilement peut améliorer sensiblement le temps de démarrage et le temps de compilation des JSPs
17-Feb-2026 15:08:34.864 INFO [Catalina-utility-1] org.apache.catalina.startup.HostConfig.deployWAR Le déploiement de l'archive de l'application web [/home/abi7287/2A/AW/TP2/apache-tomcat-11.0.1/webapps/template.war] s'est terminé en [1 351] ms
17-Feb-2026 15:11:05.038 INFO [Catalina-utility-1] org.apache.catalina.startup.HostConfig.undeploy Retrait de l'application web ayant pour chemin de contexte [/template]
17-Feb-2026 15:11:05.041 WARNING [Catalina-utility-1] org.apache.catalina.loader.WebappClassLoaderBase.clearReferencesJdbc L'application web [template] a enregistré un pilote JDBC [org.hsqldb.jdbc.JDBCDriver], mais ne l'a pas désenregistré avant l'arrêt de l'application.  Pour éviter une fuite de mémoire, le pilote JDBC a été désenregistré de force.
17-Feb-2026 15:11:05.368 INFO [Catalina-utility-1] org.apache.catalina.startup.HostConfig.deployWAR Déploiement de l'archive [/home/abi7287/2A/AW/TP2/apache-tomcat-11.0.1/webapps/template.war] de l'application web
17-Feb-2026 15:11:06.780 INFO [Catalina-utility-1] org.apache.jasper.servlet.TldScanner.scanJars Au moins un fichier JAR a été analysé pour trouver des TLDs mais il n'en contenait pas, le mode "debug" du journal peut être activé pour obtenir une liste complète de JAR scannés sans succès ; éviter d'analyser des JARs inutilement peut améliorer sensiblement le temps de démarrage et le temps de compilation des JSPs
17-Feb-2026 15:11:06.825 INFO [Catalina-utility-1] org.apache.catalina.startup.HostConfig.deployWAR Le déploiement de l'archive de l'application web [/home/abi7287/2A/AW/TP2/apache-tomcat-11.0.1/webapps/template.war] s'est terminé en [1 456] ms
17-Feb-2026 15:20:07.620 INFO [Catalina-utility-2] org.apache.catalina.startup.HostConfig.undeploy Retrait de l'application web ayant pour chemin de contexte [/template]
17-Feb-2026 15:20:07.625 WARNING [Catalina-utility-2] org.apache.catalina.loader.WebappClassLoaderBase.clearReferencesJdbc L'application web [template] a enregistré un pilote JDBC [org.hsqldb.jdbc.JDBCDriver], mais ne l'a pas désenregistré avant l'arrêt de l'application.  Pour éviter une fuite de mémoire, le pilote JDBC a été désenregistré de force.
17-Feb-2026 15:20:07.945 INFO [Catalina-utility-2] org.apache.catalina.startup.HostConfig.deployWAR Déploiement de l'archive [/home/abi7287/2A/AW/TP2/apache-tomcat-11.0.1/webapps/template.war] de l'application web
17-Feb-2026 15:20:09.371 INFO [Catalina-utility-2] org.apache.jasper.servlet.TldScanner.scanJars Au moins un fichier JAR a été analysé pour trouver des TLDs mais il n'en contenait pas, le mode "debug" du journal peut être activé pour obtenir une liste complète de JAR scannés sans succès ; éviter d'analyser des JARs inutilement peut améliorer sensiblement le temps de démarrage et le temps de compilation des JSPs
17-Feb-2026 15:20:09.425 INFO [Catalina-utility-2] org.apache.catalina.startup.HostConfig.deployWAR Le déploiement de l'archive de l'application web [/home/abi7287/2A/AW/TP2/apache-tomcat-11.0.1/webapps/template.war] s'est terminé en [1 479] ms
17-Feb-2026 15:31:20.268 INFO [Catalina-utility-2] org.apache.catalina.startup.HostConfig.undeploy Retrait de l'application web ayant pour chemin de contexte [/template]
17-Feb-2026 15:31:20.271 WARNING [Catalina-utility-2] org.apache.catalina.loader.WebappClassLoaderBase.clearReferencesJdbc L'application web [template] a enregistré un pilote JDBC [org.hsqldb.jdbc.JDBCDriver], mais ne l'a pas désenregistré avant l'arrêt de l'application.  Pour éviter une fuite de mémoire, le pilote JDBC a été désenregistré de force.
17-Feb-2026 15:31:20.558 INFO [Catalina-utility-2] org.apache.catalina.startup.HostConfig.deployWAR Déploiement de l'archive [/home/abi7287/2A/AW/TP2/apache-tomcat-11.0.1/webapps/template.war] de l'application web
17-Feb-2026 15:31:21.763 INFO [Catalina-utility-2] org.apache.jasper.servlet.TldScanner.scanJars Au moins un fichier JAR a été analysé pour trouver des TLDs mais il n'en contenait pas, le mode "debug" du journal peut être activé pour obtenir une liste complète de JAR scannés sans succès ; éviter d'analyser des JARs inutilement peut améliorer sensiblement le temps de démarrage et le temps de compilation des JSPs
17-Feb-2026 15:31:21.802 INFO [Catalina-utility-2] org.apache.catalina.startup.HostConfig.deployWAR Le déploiement de l'archive de l'application web [/home/abi7287/2A/AW/TP2/apache-tomcat-11.0.1/webapps/template.war] s'est terminé en [1 244] ms
17-Feb-2026 15:34:02.039 INFO [Catalina-utility-2] org.apache.catalina.startup.HostConfig.undeploy Retrait de l'application web ayant pour chemin de contexte [/template]
17-Feb-2026 15:34:02.042 WARNING [Catalina-utility-2] org.apache.catalina.loader.WebappClassLoaderBase.clearReferencesJdbc L'application web [template] a enregistré un pilote JDBC [org.hsqldb.jdbc.JDBCDriver], mais ne l'a pas désenregistré avant l'arrêt de l'application.  Pour éviter une fuite de mémoire, le pilote JDBC a été désenregistré de force.
17-Feb-2026 15:34:02.371 INFO [Catalina-utility-2] org.apache.catalina.startup.HostConfig.deployWAR Déploiement de l'archive [/home/abi7287/2A/AW/TP2/apache-tomcat-11.0.1/webapps/template.war] de l'application web
17-Feb-2026 15:34:03.673 INFO [Catalina-utility-2] org.apache.jasper.servlet.TldScanner.scanJars Au moins un fichier JAR a été analysé pour trouver des TLDs mais il n'en contenait pas, le mode "debug" du journal peut être activé pour obtenir une liste complète de JAR scannés sans succès ; éviter d'analyser des JARs inutilement peut améliorer sensiblement le temps de démarrage et le temps de compilation des JSPs
17-Feb-2026 15:34:03.718 INFO [Catalina-utility-2] org.apache.catalina.startup.HostConfig.deployWAR Le déploiement de l'archive de l'application web [/home/abi7287/2A/AW/TP2/apache-tomcat-11.0.1/webapps/template.war] s'est terminé en [1 347] ms
17-Feb-2026 15:35:33.870 INFO [Catalina-utility-2] org.apache.catalina.startup.HostConfig.undeploy Retrait de l'application web ayant pour chemin de contexte [/template]
17-Feb-2026 15:35:33.874 WARNING [Catalina-utility-2] org.apache.catalina.loader.WebappClassLoaderBase.clearReferencesJdbc L'application web [template] a enregistré un pilote JDBC [org.hsqldb.jdbc.JDBCDriver], mais ne l'a pas désenregistré avant l'arrêt de l'application.  Pour éviter une fuite de mémoire, le pilote JDBC a été désenregistré de force.
17-Feb-2026 15:35:34.122 INFO [Catalina-utility-2] org.apache.catalina.startup.HostConfig.deployWAR Déploiement de l'archive [/home/abi7287/2A/AW/TP2/apache-tomcat-11.0.1/webapps/template.war] de l'application web
17-Feb-2026 15:35:35.339 INFO [Catalina-utility-2] org.apache.jasper.servlet.TldScanner.scanJars Au moins un fichier JAR a été analysé pour trouver des TLDs mais il n'en contenait pas, le mode "debug" du journal peut être activé pour obtenir une liste complète de JAR scannés sans succès ; éviter d'analyser des JARs inutilement peut améliorer sensiblement le temps de démarrage et le temps de compilation des JSPs
17-Feb-2026 15:35:35.378 INFO [Catalina-utility-2] org.apache.catalina.startup.HostConfig.deployWAR Le déploiement de l'archive de l'application web [/home/abi7287/2A/AW/TP2/apache-tomcat-11.0.1/webapps/template.war] s'est terminé en [1 256] ms
17-Feb-2026 15:35:38.139 INFO [Finalizer] org.apache.catalina.loader.WebappClassLoaderBase.checkStateForResourceLoading Impossible de charger [org.hsqldb.error.Error], ce chargeur de classes a déjà été arrêté
	java.lang.IllegalStateException: Impossible de charger [org.hsqldb.error.Error], ce chargeur de classes a déjà été arrêté
		at org.apache.catalina.loader.WebappClassLoaderBase.checkStateForResourceLoading(WebappClassLoaderBase.java:1232)
		at org.apache.catalina.loader.WebappClassLoaderBase.checkStateForClassLoading(WebappClassLoaderBase.java:1220)
		at org.apache.catalina.loader.WebappClassLoaderBase.loadClass(WebappClassLoaderBase.java:1076)
		at org.apache.catalina.loader.WebappClassLoaderBase.loadClass(WebappClassLoaderBase.java:1043)
		at org.hsqldb.ClientConnection.execute(Unknown Source)
		at org.hsqldb.ClientConnection.close(Unknown Source)
		at org.hsqldb.jdbc.JDBCConnection.close(Unknown Source)
		at org.hsqldb.jdbc.JDBCConnection.finalize(Unknown Source)
		at java.base/java.lang.System$2.invokeFinalize(System.java:2297)
		at java.base/java.lang.ref.Finalizer.runFinalizer(Finalizer.java:88)
		at java.base/java.lang.ref.Finalizer$FinalizerThread.run(Finalizer.java:173)
17-Feb-2026 15:35:38.140 INFO [Finalizer] org.apache.catalina.loader.WebappClassLoaderBase.checkStateForResourceLoading Impossible de charger [org.hsqldb.error.Error], ce chargeur de classes a déjà été arrêté
	java.lang.IllegalStateException: Impossible de charger [org.hsqldb.error.Error], ce chargeur de classes a déjà été arrêté
		at org.apache.catalina.loader.WebappClassLoaderBase.checkStateForResourceLoading(WebappClassLoaderBase.java:1232)
		at org.apache.catalina.loader.WebappClassLoaderBase.checkStateForClassLoading(WebappClassLoaderBase.java:1220)
		at org.apache.catalina.loader.WebappClassLoaderBase.loadClass(WebappClassLoaderBase.java:1076)
		at org.apache.catalina.loader.WebappClassLoaderBase.loadClass(WebappClassLoaderBase.java:1043)
		at org.hsqldb.ClientConnection.execute(Unknown Source)
		at org.hsqldb.ClientConnection.close(Unknown Source)
		at org.hsqldb.jdbc.JDBCConnection.close(Unknown Source)
		at org.hsqldb.jdbc.JDBCConnection.finalize(Unknown Source)
		at java.base/java.lang.System$2.invokeFinalize(System.java:2297)
		at java.base/java.lang.ref.Finalizer.runFinalizer(Finalizer.java:88)
		at java.base/java.lang.ref.Finalizer$FinalizerThread.run(Finalizer.java:173)
17-Feb-2026 15:38:35.656 INFO [Catalina-utility-2] org.apache.catalina.startup.HostConfig.undeploy Retrait de l'application web ayant pour chemin de contexte [/template]
17-Feb-2026 15:38:35.659 WARNING [Catalina-utility-2] org.apache.catalina.loader.WebappClassLoaderBase.clearReferencesJdbc L'application web [template] a enregistré un pilote JDBC [org.hsqldb.jdbc.JDBCDriver], mais ne l'a pas désenregistré avant l'arrêt de l'application.  Pour éviter une fuite de mémoire, le pilote JDBC a été désenregistré de force.
17-Feb-2026 15:38:35.951 INFO [Catalina-utility-2] org.apache.catalina.startup.HostConfig.deployWAR Déploiement de l'archive [/home/abi7287/2A/AW/TP2/apache-tomcat-11.0.1/webapps/template.war] de l'application web
17-Feb-2026 15:38:37.197 INFO [Catalina-utility-2] org.apache.jasper.servlet.TldScanner.scanJars Au moins un fichier JAR a été analysé pour trouver des TLDs mais il n'en contenait pas, le mode "debug" du journal peut être activé pour obtenir une liste complète de JAR scannés sans succès ; éviter d'analyser des JARs inutilement peut améliorer sensiblement le temps de démarrage et le temps de compilation des JSPs
17-Feb-2026 15:38:37.253 INFO [Catalina-utility-2] org.apache.catalina.startup.HostConfig.deployWAR Le déploiement de l'archive de l'application web [/home/abi7287/2A/AW/TP2/apache-tomcat-11.0.1/webapps/template.war] s'est terminé en [1 302] ms
