/*C6*/SET SCHEMA PUBLIC
drop table Adresse if exists
drop table Personne if exists
create table Personne (\u000a    id\u0009      integer generated by default as identity (start with 1, increment by 1) not null,\u000a    nom       varchar(30)      not null,\u000a    prenom    varchar(30)      not null,\u000a    primary key (id)\u000a  )
create table Adresse (\u000a    id\u0009      integer generated by default as identity (start with 1, increment by 1) not null,\u000a    rue           varchar(30)      not null,\u000a    ville         varchar(30)      not null,\u000a    personneid    integer,\u000a    primary key (id)\u000a  )
DISCONNECT
/*C7*/SET SCHEMA PUBLIC
INSERT INTO PERSONNE VALUES(1,'Abdel','eaw')
COMMIT
INSERT INTO ADRESSE VALUES(1,'Tls','14',NULL)
COMMIT
DELETE FROM ADRESSE WHERE ID=1
INSERT INTO ADRESSE VALUES(1,'Tls','14',1)
COMMIT
INSERT INTO PERSONNE VALUES(2,'Ben','e')
COMMIT
INSERT INTO ADRESSE VALUES(2,'mks','17',NULL)
COMMIT
DELETE FROM ADRESSE WHERE ID=2
INSERT INTO ADRESSE VALUES(2,'mks','17',2)
COMMIT
/*C8*/SET SCHEMA PUBLIC
DELETE FROM ADRESSE WHERE ID=2
INSERT INTO ADRESSE VALUES(2,'mks','17',2)
COMMIT
INSERT INTO PERSONNE VALUES(3,'qqqq','qqqqqqqqqqq')
COMMIT
INSERT INTO PERSONNE VALUES(4,'eeeeeeeee','eeeeeeeeeee')
COMMIT
INSERT INTO PERSONNE VALUES(5,'eeeeeeeee','eeeeeeeeeee')
COMMIT
INSERT INTO PERSONNE VALUES(6,'eeeeeee','eeeeeeeeeee')
COMMIT
INSERT INTO ADRESSE VALUES(3,'weqweqweqweq','weqeqweqe',NULL)
COMMIT
INSERT INTO PERSONNE VALUES(7,'ewqweqwe','aewqweqweq')
COMMIT
/*C9*/SET SCHEMA PUBLIC
INSERT INTO PERSONNE VALUES(8,'e','e')
COMMIT
DISCONNECT
/*C10*/SET SCHEMA PUBLIC
INSERT INTO PERSONNE VALUES(9,'ewqweqwe','aewqweqweq')
COMMIT
INSERT INTO PERSONNE VALUES(10,'eeeeeee','eeeeeeeeeee')
COMMIT
/*C7*/DISCONNECT
/*C11*/SET SCHEMA PUBLIC
DELETE FROM ADRESSE WHERE ID=3
INSERT INTO ADRESSE VALUES(3,'weqweqweqweq','weqeqweqe',1)
COMMIT
