@!@!@STARTMSG 2262:0 @!@!@
TLC2 Version 2.19 of 08 August 2024 (rev: 5a47802)
@!@!@ENDMSG 2262 @!@!@
@!@!@STARTMSG 2187:0 @!@!@
Running breadth-first search Model-Checking with fp 30 and seed -2735980752149341594 with 1 worker on 20 cores with 1163MB heap and 2612MB offheap memory [pid: 2160998] (Linux 6.14.0-37-generic amd64, AdoptOpenJDK 14.0.1 x86_64, OffHeapDiskFPSet, DiskStateQueue).
@!@!@ENDMSG 2187 @!@!@
@!@!@STARTMSG 2220:0 @!@!@
Starting SANY...
@!@!@ENDMSG 2220 @!@!@
Parsing file /home/abi7287/2A/Transition/TLA-TP2/jeton.toolbox/Model_1/MC.tla
Parsing file /home/abi7287/2A/Transition/TLA-TP2/jeton.toolbox/Model_1/jeton.tla
Parsing file /mnt/n7fs/tla/toolbox-1.7.4/plugins/org.lamport.tlatools_1.0.0.202408081326/tla2sany/StandardModules/TLC.tla
Parsing file /mnt/n7fs/tla/toolbox-1.7.4/plugins/org.lamport.tlatools_1.0.0.202408081326/tla2sany/StandardModules/Naturals.tla
Parsing file /mnt/n7fs/tla/toolbox-1.7.4/plugins/org.lamport.tlatools_1.0.0.202408081326/tla2sany/StandardModules/FiniteSets.tla
Parsing file /mnt/n7fs/tla/toolbox-1.7.4/plugins/org.lamport.tlatools_1.0.0.202408081326/tla2sany/StandardModules/Sequences.tla
Semantic processing of module Naturals
Semantic processing of module Sequences
Semantic processing of module FiniteSets
Semantic processing of module jeton
Semantic processing of module TLC
Semantic processing of module MC
@!@!@STARTMSG 2219:0 @!@!@
SANY finished.
@!@!@ENDMSG 2219 @!@!@
@!@!@STARTMSG 2185:0 @!@!@
Starting... (2026-03-04 09:42:31)
@!@!@ENDMSG 2185 @!@!@
@!@!@STARTMSG 2140:3 @!@!@
The subscript of the next-state relation specified by the specification
does not seem to contain the state variable canal
@!@!@ENDMSG 2140 @!@!@
@!@!@STARTMSG 2212:0 @!@!@
Implied-temporal checking--satisfiability problem has 11 branches.
@!@!@ENDMSG 2212 @!@!@
@!@!@STARTMSG 2189:0 @!@!@
Computing initial states...
@!@!@ENDMSG 2189 @!@!@
@!@!@STARTMSG 2102:1 @!@!@
current state is not a legal state
While working on the initial state:
/\ etat = (0 :> "T" @@ 1 :> "T" @@ 2 :> "T" @@ 3 :> "T" @@ 4 :> "T")
/\ jeton = (0 :> TRUE @@ 1 :> FALSE @@ 2 :> FALSE @@ 3 :> FALSE @@ 4 :> FALSE)
/\ canal = null

@!@!@ENDMSG 2102 @!@!@
@!@!@STARTMSG 2186:0 @!@!@
Finished in 923ms at (2026-03-04 09:42:31)
@!@!@ENDMSG 2186 @!@!@
