Niveau de l'ordinateur (n)aïf, (d)istrait, (r)apide ou (e)xpert ? Mon niveau est rapide.
Est-ce que vous commencez (o/n) ? 
| | | | |   | | | | |   | | |
| | | | |   | | | | |   | | |
| | | | |   | | | | |   | | |

Je prends 3 allumettes.

| | | | |   | | | | |
| | | | |   | | | | |
| | | | |   | | | | |

Combien d'allumettes prenez-vous ? Arbitre : Il faut prendre au moins une allumette.
Combien d'allumettes prenez-vous ? Arbitre : Il faut prendre au moins une allumette.
Combien d'allumettes prenez-vous ? Arbitre : Il est interdit de prendre plus de 3 allumettes.
Combien d'allumettes prenez-vous ? 
| | | | |   | | | |
| | | | |   | | | |
| | | | |   | | | |

Je prends 3 allumettes.

| | | | |   |
| | | | |   |
| | | | |   |

Combien d'allumettes prenez-vous ? 
| | | | |
| | | | |
| | | | |

Je prends 3 allumettes.

| |
| |
| |

Combien d'allumettes prenez-vous ? Arbitre : Il reste seulement 2 allumettes.
Combien d'allumettes prenez-vous ? 
J'ai gagné.
