Niveau de l'ordinateur (n)aïf, (d)istrait, (r)apide ou (e)xpert ? Mon niveau est rapide.
Est-ce que vous commencez (o/n) ? 
| | | | |   | | | | |   | | |
| | | | |   | | | | |   | | |
| | | | |   | | | | |   | | |

Combien d'allumettes prenez-vous ? 
| | | | |   | | | | |
| | | | |   | | | | |
| | | | |   | | | | |

Je prends 3 allumettes.

| | | | |   | |
| | | | |   | |
| | | | |   | |

Combien d'allumettes prenez-vous ? 
| | | |
| | | |
| | | |

Je prends 3 allumettes.

|
|
|

Combien d'allumettes prenez-vous ? 
J'ai gagné.
