06-Feb-2026 14:36:06.028 INFO [main] org.apache.catalina.startup.VersionLoggerListener.log Nom version serveur :              Apache Tomcat/11.0.1
06-Feb-2026 14:36:06.035 INFO [main] org.apache.catalina.startup.VersionLoggerListener.log Serveur compilé :                  Nov 6 2024 19:08:24 UTC
06-Feb-2026 14:36:06.035 INFO [main] org.apache.catalina.startup.VersionLoggerListener.log Version du serveur :               11.0.1.0
06-Feb-2026 14:36:06.035 INFO [main] org.apache.catalina.startup.VersionLoggerListener.log Nom de l'OS :                      Linux
06-Feb-2026 14:36:06.035 INFO [main] org.apache.catalina.startup.VersionLoggerListener.log Version OS :                       6.14.0-37-generic
06-Feb-2026 14:36:06.035 INFO [main] org.apache.catalina.startup.VersionLoggerListener.log Architecture :                     amd64
06-Feb-2026 14:36:06.036 INFO [main] org.apache.catalina.startup.VersionLoggerListener.log Java Home :                        /mnt/n7fs/ens/tp_dh/jdk-17.0.5
06-Feb-2026 14:36:06.036 INFO [main] org.apache.catalina.startup.VersionLoggerListener.log Version JVM :                      17.0.5+9-LTS-191
06-Feb-2026 14:36:06.036 INFO [main] org.apache.catalina.startup.VersionLoggerListener.log Fournisseur de la JVM :            Oracle Corporation
06-Feb-2026 14:36:06.036 INFO [main] org.apache.catalina.startup.VersionLoggerListener.log CATALINA_BASE :                    /home/abi7287/2A/AW/TP1/apache-tomcat-11.0.1
06-Feb-2026 14:36:06.036 INFO [main] org.apache.catalina.startup.VersionLoggerListener.log CATALINA_HOME :                    /home/abi7287/2A/AW/TP1/apache-tomcat-11.0.1
06-Feb-2026 14:36:06.057 INFO [main] org.apache.catalina.startup.VersionLoggerListener.log Argument de la ligne de commande : -Djava.util.logging.config.file=/home/abi7287/2A/AW/TP1/apache-tomcat-11.0.1/conf/logging.properties
06-Feb-2026 14:36:06.057 INFO [main] org.apache.catalina.startup.VersionLoggerListener.log Argument de la ligne de commande : -Djava.util.logging.manager=org.apache.juli.ClassLoaderLogManager
06-Feb-2026 14:36:06.057 INFO [main] org.apache.catalina.startup.VersionLoggerListener.log Argument de la ligne de commande : -Djdk.tls.ephemeralDHKeySize=2048
06-Feb-2026 14:36:06.057 INFO [main] org.apache.catalina.startup.VersionLoggerListener.log Argument de la ligne de commande : -Dorg.apache.catalina.security.SecurityListener.UMASK=0027
06-Feb-2026 14:36:06.057 INFO [main] org.apache.catalina.startup.VersionLoggerListener.log Argument de la ligne de commande : --add-opens=java.base/java.lang=ALL-UNNAMED
06-Feb-2026 14:36:06.057 INFO [main] org.apache.catalina.startup.VersionLoggerListener.log Argument de la ligne de commande : --add-opens=java.base/java.io=ALL-UNNAMED
06-Feb-2026 14:36:06.057 INFO [main] org.apache.catalina.startup.VersionLoggerListener.log Argument de la ligne de commande : --add-opens=java.base/java.util=ALL-UNNAMED
06-Feb-2026 14:36:06.057 INFO [main] org.apache.catalina.startup.VersionLoggerListener.log Argument de la ligne de commande : --add-opens=java.base/java.util.concurrent=ALL-UNNAMED
06-Feb-2026 14:36:06.057 INFO [main] org.apache.catalina.startup.VersionLoggerListener.log Argument de la ligne de commande : --add-opens=java.rmi/sun.rmi.transport=ALL-UNNAMED
06-Feb-2026 14:36:06.058 INFO [main] org.apache.catalina.startup.VersionLoggerListener.log Argument de la ligne de commande : --enable-native-access=ALL-UNNAMED
06-Feb-2026 14:36:06.058 INFO [main] org.apache.catalina.startup.VersionLoggerListener.log Argument de la ligne de commande : -Dcatalina.base=/home/abi7287/2A/AW/TP1/apache-tomcat-11.0.1
06-Feb-2026 14:36:06.058 INFO [main] org.apache.catalina.startup.VersionLoggerListener.log Argument de la ligne de commande : -Dcatalina.home=/home/abi7287/2A/AW/TP1/apache-tomcat-11.0.1
06-Feb-2026 14:36:06.058 INFO [main] org.apache.catalina.startup.VersionLoggerListener.log Argument de la ligne de commande : -Djava.io.tmpdir=/home/abi7287/2A/AW/TP1/apache-tomcat-11.0.1/temp
06-Feb-2026 14:36:06.064 INFO [main] org.apache.catalina.core.AprLifecycleListener.lifecycleEvent La librairie Apache Tomcat Native basée sur APR qui permet des performances optimales dans les environnements de production n'a pas été trouvée sur le java.library.path : [/usr/java/packages/lib:/usr/lib64:/lib64:/lib:/usr/lib]
06-Feb-2026 14:36:06.310 INFO [main] org.apache.coyote.AbstractProtocol.init Initialisation du gestionnaire de protocole ["http-nio-8080"]
06-Feb-2026 14:36:06.333 INFO [main] org.apache.catalina.startup.Catalina.load L'initialisation du serveur a pris [631] millisecondes
06-Feb-2026 14:36:06.376 INFO [main] org.apache.catalina.core.StandardService.startInternal Démarrage du service [Catalina]
06-Feb-2026 14:36:06.376 INFO [main] org.apache.catalina.core.StandardEngine.startInternal Démarrage du moteur de Servlets : [Apache Tomcat/11.0.1]
06-Feb-2026 14:36:06.398 INFO [main] org.apache.catalina.startup.HostConfig.deployDirectory Déploiement du répertoire d'application web [/home/abi7287/2A/AW/TP1/apache-tomcat-11.0.1/webapps/ROOT]
06-Feb-2026 14:36:06.703 INFO [main] org.apache.catalina.startup.HostConfig.deployDirectory Le déploiement du répertoire [/home/abi7287/2A/AW/TP1/apache-tomcat-11.0.1/webapps/ROOT] de l'application web s'est terminé en [301] ms
06-Feb-2026 14:36:06.703 INFO [main] org.apache.catalina.startup.HostConfig.deployDirectory Déploiement du répertoire d'application web [/home/abi7287/2A/AW/TP1/apache-tomcat-11.0.1/webapps/manager]
06-Feb-2026 14:36:06.759 INFO [main] org.apache.catalina.startup.HostConfig.deployDirectory Le déploiement du répertoire [/home/abi7287/2A/AW/TP1/apache-tomcat-11.0.1/webapps/manager] de l'application web s'est terminé en [56] ms
06-Feb-2026 14:36:06.759 INFO [main] org.apache.catalina.startup.HostConfig.deployDirectory Déploiement du répertoire d'application web [/home/abi7287/2A/AW/TP1/apache-tomcat-11.0.1/webapps/examples]
06-Feb-2026 14:36:07.608 INFO [main] org.apache.catalina.startup.HostConfig.deployDirectory Le déploiement du répertoire [/home/abi7287/2A/AW/TP1/apache-tomcat-11.0.1/webapps/examples] de l'application web s'est terminé en [848] ms
06-Feb-2026 14:36:07.608 INFO [main] org.apache.catalina.startup.HostConfig.deployDirectory Déploiement du répertoire d'application web [/home/abi7287/2A/AW/TP1/apache-tomcat-11.0.1/webapps/docs]
06-Feb-2026 14:36:07.658 INFO [main] org.apache.catalina.startup.HostConfig.deployDirectory Le déploiement du répertoire [/home/abi7287/2A/AW/TP1/apache-tomcat-11.0.1/webapps/docs] de l'application web s'est terminé en [50] ms
06-Feb-2026 14:36:07.658 INFO [main] org.apache.catalina.startup.HostConfig.deployDirectory Déploiement du répertoire d'application web [/home/abi7287/2A/AW/TP1/apache-tomcat-11.0.1/webapps/host-manager]
06-Feb-2026 14:36:07.710 INFO [main] org.apache.catalina.startup.HostConfig.deployDirectory Le déploiement du répertoire [/home/abi7287/2A/AW/TP1/apache-tomcat-11.0.1/webapps/host-manager] de l'application web s'est terminé en [52] ms
06-Feb-2026 14:36:07.713 INFO [main] org.apache.coyote.AbstractProtocol.start Démarrage du gestionnaire de protocole ["http-nio-8080"]
06-Feb-2026 14:36:07.721 INFO [main] org.apache.catalina.startup.Catalina.start Le démarrage du serveur a pris [1388] millisecondes
06-Feb-2026 14:42:28.253 INFO [Catalina-utility-1] org.apache.catalina.startup.HostConfig.deployWAR Déploiement de l'archive [/home/abi7287/2A/AW/TP1/apache-tomcat-11.0.1/webapps/hello.war] de l'application web
06-Feb-2026 14:42:29.497 INFO [Catalina-utility-1] org.apache.catalina.startup.HostConfig.deployWAR Le déploiement de l'archive de l'application web [/home/abi7287/2A/AW/TP1/apache-tomcat-11.0.1/webapps/hello.war] s'est terminé en [1 244] ms
06-Feb-2026 14:48:30.031 INFO [Catalina-utility-1] org.apache.catalina.startup.HostConfig.undeploy Retrait de l'application web ayant pour chemin de contexte [/hello]
06-Feb-2026 14:48:30.264 INFO [Catalina-utility-1] org.apache.catalina.startup.HostConfig.deployWAR Déploiement de l'archive [/home/abi7287/2A/AW/TP1/apache-tomcat-11.0.1/webapps/hello.war] de l'application web
06-Feb-2026 14:48:31.477 INFO [Catalina-utility-1] org.apache.catalina.startup.HostConfig.deployWAR Le déploiement de l'archive de l'application web [/home/abi7287/2A/AW/TP1/apache-tomcat-11.0.1/webapps/hello.war] s'est terminé en [1 214] ms
06-Feb-2026 14:57:02.143 INFO [Catalina-utility-1] org.apache.catalina.startup.HostConfig.undeploy Retrait de l'application web ayant pour chemin de contexte [/hello]
06-Feb-2026 14:57:02.353 INFO [Catalina-utility-1] org.apache.catalina.startup.HostConfig.deployWAR Déploiement de l'archive [/home/abi7287/2A/AW/TP1/apache-tomcat-11.0.1/webapps/hello.war] de l'application web
06-Feb-2026 14:57:03.460 INFO [Catalina-utility-1] org.apache.catalina.startup.HostConfig.deployWAR Le déploiement de l'archive de l'application web [/home/abi7287/2A/AW/TP1/apache-tomcat-11.0.1/webapps/hello.war] s'est terminé en [1 107] ms
06-Feb-2026 15:07:34.362 INFO [Catalina-utility-2] org.apache.catalina.startup.HostConfig.undeploy Retrait de l'application web ayant pour chemin de contexte [/hello]
06-Feb-2026 15:07:34.593 INFO [Catalina-utility-2] org.apache.catalina.startup.HostConfig.deployWAR Déploiement de l'archive [/home/abi7287/2A/AW/TP1/apache-tomcat-11.0.1/webapps/hello.war] de l'application web
06-Feb-2026 15:07:35.760 INFO [Catalina-utility-2] org.apache.catalina.startup.HostConfig.deployWAR Le déploiement de l'archive de l'application web [/home/abi7287/2A/AW/TP1/apache-tomcat-11.0.1/webapps/hello.war] s'est terminé en [1 168] ms
06-Feb-2026 15:07:55.791 INFO [Catalina-utility-2] org.apache.catalina.startup.HostConfig.undeploy Retrait de l'application web ayant pour chemin de contexte [/hello]
06-Feb-2026 15:07:56.078 INFO [Catalina-utility-2] org.apache.catalina.startup.HostConfig.deployWAR Déploiement de l'archive [/home/abi7287/2A/AW/TP1/apache-tomcat-11.0.1/webapps/hello.war] de l'application web
06-Feb-2026 15:07:57.321 INFO [Catalina-utility-2] org.apache.catalina.startup.HostConfig.deployWAR Le déploiement de l'archive de l'application web [/home/abi7287/2A/AW/TP1/apache-tomcat-11.0.1/webapps/hello.war] s'est terminé en [1 243] ms
06-Feb-2026 15:09:27.453 INFO [Catalina-utility-2] org.apache.catalina.startup.HostConfig.undeploy Retrait de l'application web ayant pour chemin de contexte [/hello]
06-Feb-2026 15:09:27.671 INFO [Catalina-utility-2] org.apache.catalina.startup.HostConfig.deployWAR Déploiement de l'archive [/home/abi7287/2A/AW/TP1/apache-tomcat-11.0.1/webapps/hello.war] de l'application web
06-Feb-2026 15:09:28.769 INFO [Catalina-utility-2] org.apache.catalina.startup.HostConfig.deployWAR Le déploiement de l'archive de l'application web [/home/abi7287/2A/AW/TP1/apache-tomcat-11.0.1/webapps/hello.war] s'est terminé en [1 098] ms
06-Feb-2026 15:12:49.047 INFO [Catalina-utility-2] org.apache.catalina.startup.HostConfig.undeploy Retrait de l'application web ayant pour chemin de contexte [/hello]
06-Feb-2026 15:12:49.316 INFO [Catalina-utility-2] org.apache.catalina.startup.HostConfig.deployWAR Déploiement de l'archive [/home/abi7287/2A/AW/TP1/apache-tomcat-11.0.1/webapps/hello.war] de l'application web
06-Feb-2026 15:12:50.487 INFO [Catalina-utility-2] org.apache.catalina.startup.HostConfig.deployWAR Le déploiement de l'archive de l'application web [/home/abi7287/2A/AW/TP1/apache-tomcat-11.0.1/webapps/hello.war] s'est terminé en [1 171] ms
06-Feb-2026 15:13:00.500 INFO [Catalina-utility-1] org.apache.catalina.startup.HostConfig.undeploy Retrait de l'application web ayant pour chemin de contexte [/hello]
06-Feb-2026 15:13:00.722 INFO [Catalina-utility-1] org.apache.catalina.startup.HostConfig.deployWAR Déploiement de l'archive [/home/abi7287/2A/AW/TP1/apache-tomcat-11.0.1/webapps/hello.war] de l'application web
06-Feb-2026 15:13:01.940 INFO [Catalina-utility-1] org.apache.catalina.startup.HostConfig.deployWAR Le déploiement de l'archive de l'application web [/home/abi7287/2A/AW/TP1/apache-tomcat-11.0.1/webapps/hello.war] s'est terminé en [1 218] ms
06-Feb-2026 15:30:03.392 INFO [Catalina-utility-1] org.apache.catalina.startup.HostConfig.undeploy Retrait de l'application web ayant pour chemin de contexte [/hello]
06-Feb-2026 15:30:03.663 INFO [Catalina-utility-1] org.apache.catalina.startup.HostConfig.deployWAR Déploiement de l'archive [/home/abi7287/2A/AW/TP1/apache-tomcat-11.0.1/webapps/hello.war] de l'application web
06-Feb-2026 15:30:04.783 INFO [Catalina-utility-1] org.apache.catalina.startup.HostConfig.deployWAR Le déploiement de l'archive de l'application web [/home/abi7287/2A/AW/TP1/apache-tomcat-11.0.1/webapps/hello.war] s'est terminé en [1 120] ms
06-Feb-2026 15:30:44.826 INFO [Catalina-utility-2] org.apache.catalina.startup.HostConfig.undeploy Retrait de l'application web ayant pour chemin de contexte [/hello]
06-Feb-2026 15:30:45.062 INFO [Catalina-utility-2] org.apache.catalina.startup.HostConfig.deployWAR Déploiement de l'archive [/home/abi7287/2A/AW/TP1/apache-tomcat-11.0.1/webapps/hello.war] de l'application web
06-Feb-2026 15:30:46.329 INFO [Catalina-utility-2] org.apache.catalina.startup.HostConfig.deployWAR Le déploiement de l'archive de l'application web [/home/abi7287/2A/AW/TP1/apache-tomcat-11.0.1/webapps/hello.war] s'est terminé en [1 267] ms
06-Feb-2026 15:41:07.178 INFO [Catalina-utility-1] org.apache.catalina.startup.HostConfig.undeploy Retrait de l'application web ayant pour chemin de contexte [/hello]
06-Feb-2026 15:41:07.480 INFO [Catalina-utility-1] org.apache.catalina.startup.HostConfig.deployWAR Déploiement de l'archive [/home/abi7287/2A/AW/TP1/apache-tomcat-11.0.1/webapps/hello.war] de l'application web
06-Feb-2026 15:41:08.654 INFO [Catalina-utility-1] org.apache.catalina.startup.HostConfig.deployWAR Le déploiement de l'archive de l'application web [/home/abi7287/2A/AW/TP1/apache-tomcat-11.0.1/webapps/hello.war] s'est terminé en [1 173] ms
06-Feb-2026 15:43:28.991 INFO [Catalina-utility-2] org.apache.catalina.startup.HostConfig.undeploy Retrait de l'application web ayant pour chemin de contexte [/hello]
06-Feb-2026 15:43:29.292 INFO [Catalina-utility-2] org.apache.catalina.startup.HostConfig.deployWAR Déploiement de l'archive [/home/abi7287/2A/AW/TP1/apache-tomcat-11.0.1/webapps/hello.war] de l'application web
06-Feb-2026 15:43:30.376 INFO [Catalina-utility-2] org.apache.catalina.startup.HostConfig.deployWAR Le déploiement de l'archive de l'application web [/home/abi7287/2A/AW/TP1/apache-tomcat-11.0.1/webapps/hello.war] s'est terminé en [1 085] ms
06-Feb-2026 15:44:10.462 INFO [Catalina-utility-1] org.apache.catalina.startup.HostConfig.undeploy Retrait de l'application web ayant pour chemin de contexte [/hello]
06-Feb-2026 15:44:10.699 INFO [Catalina-utility-1] org.apache.catalina.startup.HostConfig.deployWAR Déploiement de l'archive [/home/abi7287/2A/AW/TP1/apache-tomcat-11.0.1/webapps/hello.war] de l'application web
06-Feb-2026 15:44:11.837 INFO [Catalina-utility-1] org.apache.catalina.startup.HostConfig.deployWAR Le déploiement de l'archive de l'application web [/home/abi7287/2A/AW/TP1/apache-tomcat-11.0.1/webapps/hello.war] s'est terminé en [1 138] ms
