24-Feb-2026 22:43:55.080 INFO [main] org.apache.catalina.startup.VersionLoggerListener.log Server version name:   Apache Tomcat/11.0.1
24-Feb-2026 22:43:55.090 INFO [main] org.apache.catalina.startup.VersionLoggerListener.log Server built:          Nov 6 2024 19:08:24 UTC
24-Feb-2026 22:43:55.091 INFO [main] org.apache.catalina.startup.VersionLoggerListener.log Server version number: 11.0.1.0
24-Feb-2026 22:43:55.092 INFO [main] org.apache.catalina.startup.VersionLoggerListener.log OS Name:               Linux
24-Feb-2026 22:43:55.093 INFO [main] org.apache.catalina.startup.VersionLoggerListener.log OS Version:            6.6.87.2-microsoft-standard-WSL2
24-Feb-2026 22:43:55.094 INFO [main] org.apache.catalina.startup.VersionLoggerListener.log Architecture:          amd64
24-Feb-2026 22:43:55.095 INFO [main] org.apache.catalina.startup.VersionLoggerListener.log Java Home:             /usr/lib/jvm/java-17-openjdk-amd64
24-Feb-2026 22:43:55.096 INFO [main] org.apache.catalina.startup.VersionLoggerListener.log JVM Version:           17.0.18+8-Ubuntu-124.04.1
24-Feb-2026 22:43:55.097 INFO [main] org.apache.catalina.startup.VersionLoggerListener.log JVM Vendor:            Ubuntu
24-Feb-2026 22:43:55.098 INFO [main] org.apache.catalina.startup.VersionLoggerListener.log CATALINA_BASE:         /mnt/c/Users/abdel/Documents/Code/AW/TP3/TP3/apache-tomcat-11.0.1
24-Feb-2026 22:43:55.099 INFO [main] org.apache.catalina.startup.VersionLoggerListener.log CATALINA_HOME:         /mnt/c/Users/abdel/Documents/Code/AW/TP3/TP3/apache-tomcat-11.0.1
24-Feb-2026 22:43:55.113 INFO [main] org.apache.catalina.startup.VersionLoggerListener.log Command line argument: -Djava.util.logging.config.file=/mnt/c/Users/abdel/Documents/Code/AW/TP3/TP3/apache-tomcat-11.0.1/conf/logging.properties
24-Feb-2026 22:43:55.114 INFO [main] org.apache.catalina.startup.VersionLoggerListener.log Command line argument: -Djava.util.logging.manager=org.apache.juli.ClassLoaderLogManager
24-Feb-2026 22:43:55.115 INFO [main] org.apache.catalina.startup.VersionLoggerListener.log Command line argument: -Djdk.tls.ephemeralDHKeySize=2048
24-Feb-2026 22:43:55.116 INFO [main] org.apache.catalina.startup.VersionLoggerListener.log Command line argument: -Dorg.apache.catalina.security.SecurityListener.UMASK=0027
24-Feb-2026 22:43:55.117 INFO [main] org.apache.catalina.startup.VersionLoggerListener.log Command line argument: --add-opens=java.base/java.lang=ALL-UNNAMED
24-Feb-2026 22:43:55.118 INFO [main] org.apache.catalina.startup.VersionLoggerListener.log Command line argument: --add-opens=java.base/java.io=ALL-UNNAMED
24-Feb-2026 22:43:55.119 INFO [main] org.apache.catalina.startup.VersionLoggerListener.log Command line argument: --add-opens=java.base/java.util=ALL-UNNAMED
24-Feb-2026 22:43:55.120 INFO [main] org.apache.catalina.startup.VersionLoggerListener.log Command line argument: --add-opens=java.base/java.util.concurrent=ALL-UNNAMED
24-Feb-2026 22:43:55.121 INFO [main] org.apache.catalina.startup.VersionLoggerListener.log Command line argument: --add-opens=java.rmi/sun.rmi.transport=ALL-UNNAMED
24-Feb-2026 22:43:55.122 INFO [main] org.apache.catalina.startup.VersionLoggerListener.log Command line argument: --enable-native-access=ALL-UNNAMED
24-Feb-2026 22:43:55.123 INFO [main] org.apache.catalina.startup.VersionLoggerListener.log Command line argument: -Dcatalina.base=/mnt/c/Users/abdel/Documents/Code/AW/TP3/TP3/apache-tomcat-11.0.1
24-Feb-2026 22:43:55.123 INFO [main] org.apache.catalina.startup.VersionLoggerListener.log Command line argument: -Dcatalina.home=/mnt/c/Users/abdel/Documents/Code/AW/TP3/TP3/apache-tomcat-11.0.1
24-Feb-2026 22:43:55.124 INFO [main] org.apache.catalina.startup.VersionLoggerListener.log Command line argument: -Djava.io.tmpdir=/mnt/c/Users/abdel/Documents/Code/AW/TP3/TP3/apache-tomcat-11.0.1/temp
24-Feb-2026 22:43:55.135 INFO [main] org.apache.catalina.core.AprLifecycleListener.lifecycleEvent The Apache Tomcat Native library which allows using OpenSSL was not found on the java.library.path: [/usr/java/packages/lib:/usr/lib/x86_64-linux-gnu/jni:/lib/x86_64-linux-gnu:/usr/lib/x86_64-linux-gnu:/usr/lib/jni:/lib:/usr/lib]
24-Feb-2026 22:43:55.975 INFO [main] org.apache.coyote.AbstractProtocol.init Initializing ProtocolHandler ["http-nio-8080"]
24-Feb-2026 22:43:56.053 INFO [main] org.apache.catalina.startup.Catalina.load Server initialization in [1782] milliseconds
24-Feb-2026 22:43:56.280 INFO [main] org.apache.catalina.core.StandardService.startInternal Starting service [Catalina]
24-Feb-2026 22:43:56.282 INFO [main] org.apache.catalina.core.StandardEngine.startInternal Starting Servlet engine: [Apache Tomcat/11.0.1]
24-Feb-2026 22:43:56.522 INFO [main] org.apache.catalina.startup.HostConfig.deployWAR Deploying web application archive [/mnt/c/Users/abdel/Documents/Code/AW/TP3/TP3/apache-tomcat-11.0.1/webapps/facade-0.0.1-SNAPSHOT.war]
24-Feb-2026 22:46:43.750 INFO [main] org.apache.jasper.servlet.TldScanner.scanJars At least one JAR was scanned for TLDs yet contained no TLDs. Enable debug logging for this logger for a complete list of JARs that were scanned but no TLDs were found in them. Skipping unneeded JARs during scanning can improve startup time and JSP compilation time.
24-Feb-2026 22:49:42.743 INFO [main] org.apache.catalina.startup.HostConfig.deployWAR Deployment of web application archive [/mnt/c/Users/abdel/Documents/Code/AW/TP3/TP3/apache-tomcat-11.0.1/webapps/facade-0.0.1-SNAPSHOT.war] has finished in [346,214] ms
24-Feb-2026 22:49:42.752 INFO [main] org.apache.catalina.startup.HostConfig.deployDirectory Deploying web application directory [/mnt/c/Users/abdel/Documents/Code/AW/TP3/TP3/apache-tomcat-11.0.1/webapps/docs]
24-Feb-2026 22:49:44.115 INFO [main] org.apache.catalina.startup.HostConfig.deployDirectory Deployment of web application directory [/mnt/c/Users/abdel/Documents/Code/AW/TP3/TP3/apache-tomcat-11.0.1/webapps/docs] has finished in [1,362] ms
24-Feb-2026 22:49:44.121 INFO [main] org.apache.catalina.startup.HostConfig.deployDirectory Deploying web application directory [/mnt/c/Users/abdel/Documents/Code/AW/TP3/TP3/apache-tomcat-11.0.1/webapps/examples]
24-Feb-2026 22:50:03.898 INFO [main] org.apache.catalina.startup.HostConfig.deployDirectory Deployment of web application directory [/mnt/c/Users/abdel/Documents/Code/AW/TP3/TP3/apache-tomcat-11.0.1/webapps/examples] has finished in [19,777] ms
24-Feb-2026 22:50:03.907 INFO [main] org.apache.catalina.startup.HostConfig.deployDirectory Deploying web application directory [/mnt/c/Users/abdel/Documents/Code/AW/TP3/TP3/apache-tomcat-11.0.1/webapps/host-manager]
24-Feb-2026 22:50:05.396 INFO [main] org.apache.catalina.startup.HostConfig.deployDirectory Deployment of web application directory [/mnt/c/Users/abdel/Documents/Code/AW/TP3/TP3/apache-tomcat-11.0.1/webapps/host-manager] has finished in [1,488] ms
24-Feb-2026 22:50:05.400 INFO [main] org.apache.catalina.startup.HostConfig.deployDirectory Deploying web application directory [/mnt/c/Users/abdel/Documents/Code/AW/TP3/TP3/apache-tomcat-11.0.1/webapps/manager]
24-Feb-2026 22:50:07.189 INFO [main] org.apache.catalina.startup.HostConfig.deployDirectory Deployment of web application directory [/mnt/c/Users/abdel/Documents/Code/AW/TP3/TP3/apache-tomcat-11.0.1/webapps/manager] has finished in [1,789] ms
24-Feb-2026 22:50:07.195 INFO [main] org.apache.catalina.startup.HostConfig.deployDirectory Deploying web application directory [/mnt/c/Users/abdel/Documents/Code/AW/TP3/TP3/apache-tomcat-11.0.1/webapps/ROOT]
24-Feb-2026 22:50:08.321 INFO [main] org.apache.catalina.startup.HostConfig.deployDirectory Deployment of web application directory [/mnt/c/Users/abdel/Documents/Code/AW/TP3/TP3/apache-tomcat-11.0.1/webapps/ROOT] has finished in [1,126] ms
24-Feb-2026 22:50:08.348 INFO [main] org.apache.coyote.AbstractProtocol.start Starting ProtocolHandler ["http-nio-8080"]
24-Feb-2026 22:50:08.402 INFO [main] org.apache.catalina.startup.Catalina.start Server startup in [372348] milliseconds
24-Feb-2026 23:05:21.769 INFO [Catalina-utility-1] org.apache.catalina.startup.HostConfig.deployWAR Deploying web application archive [/mnt/c/Users/abdel/Documents/Code/AW/TP3/TP3/apache-tomcat-11.0.1/webapps/facade.war]
24-Feb-2026 23:08:12.472 INFO [Catalina-utility-1] org.apache.jasper.servlet.TldScanner.scanJars At least one JAR was scanned for TLDs yet contained no TLDs. Enable debug logging for this logger for a complete list of JARs that were scanned but no TLDs were found in them. Skipping unneeded JARs during scanning can improve startup time and JSP compilation time.
24-Feb-2026 23:11:15.510 INFO [Catalina-utility-1] org.apache.catalina.startup.HostConfig.deployWAR Deployment of web application archive [/mnt/c/Users/abdel/Documents/Code/AW/TP3/TP3/apache-tomcat-11.0.1/webapps/facade.war] has finished in [353,742] ms
24-Feb-2026 23:11:25.686 INFO [Catalina-utility-2] org.apache.catalina.startup.HostConfig.undeploy Undeploying context [/facade-0.0.1-SNAPSHOT]
24-Feb-2026 23:33:36.279 INFO [Catalina-utility-1] org.apache.catalina.startup.HostConfig.deployWAR Deploying web application archive [/mnt/c/Users/abdel/Documents/Code/AW/TP3/TP3/apache-tomcat-11.0.1/webapps/Annuaire.war]
24-Feb-2026 23:35:55.055 INFO [Catalina-utility-1] org.apache.jasper.servlet.TldScanner.scanJars At least one JAR was scanned for TLDs yet contained no TLDs. Enable debug logging for this logger for a complete list of JARs that were scanned but no TLDs were found in them. Skipping unneeded JARs during scanning can improve startup time and JSP compilation time.
24-Feb-2026 23:35:55.312 INFO [Catalina-utility-1] org.apache.catalina.startup.HostConfig.deployWAR Deployment of web application archive [/mnt/c/Users/abdel/Documents/Code/AW/TP3/TP3/apache-tomcat-11.0.1/webapps/Annuaire.war] has finished in [139,032] ms
24-Feb-2026 23:36:05.513 INFO [Catalina-utility-2] org.apache.catalina.startup.HostConfig.undeploy Undeploying context [/Annuaire]
24-Feb-2026 23:36:09.433 INFO [Catalina-utility-2] org.apache.catalina.startup.HostConfig.deployWAR Deploying web application archive [/mnt/c/Users/abdel/Documents/Code/AW/TP3/TP3/apache-tomcat-11.0.1/webapps/Annuaire.war]
24-Feb-2026 23:38:29.088 INFO [Catalina-utility-2] org.apache.jasper.servlet.TldScanner.scanJars At least one JAR was scanned for TLDs yet contained no TLDs. Enable debug logging for this logger for a complete list of JARs that were scanned but no TLDs were found in them. Skipping unneeded JARs during scanning can improve startup time and JSP compilation time.
24-Feb-2026 23:38:29.356 INFO [Catalina-utility-2] org.apache.catalina.startup.HostConfig.deployWAR Deployment of web application archive [/mnt/c/Users/abdel/Documents/Code/AW/TP3/TP3/apache-tomcat-11.0.1/webapps/Annuaire.war] has finished in [139,922] ms
24-Feb-2026 23:38:39.505 INFO [Catalina-utility-1] org.apache.catalina.startup.HostConfig.undeploy Undeploying context [/facade]
24-Feb-2026 23:38:47.857 INFO [Catalina-utility-1] org.apache.catalina.startup.HostConfig.deployWAR Deploying web application archive [/mnt/c/Users/abdel/Documents/Code/AW/TP3/TP3/apache-tomcat-11.0.1/webapps/facade.war]
24-Feb-2026 23:41:36.366 INFO [Catalina-utility-1] org.apache.jasper.servlet.TldScanner.scanJars At least one JAR was scanned for TLDs yet contained no TLDs. Enable debug logging for this logger for a complete list of JARs that were scanned but no TLDs were found in them. Skipping unneeded JARs during scanning can improve startup time and JSP compilation time.
24-Feb-2026 23:44:39.904 INFO [Catalina-utility-1] org.apache.catalina.startup.HostConfig.deployWAR Deployment of web application archive [/mnt/c/Users/abdel/Documents/Code/AW/TP3/TP3/apache-tomcat-11.0.1/webapps/facade.war] has finished in [352,047] ms
24-Feb-2026 23:48:00.150 INFO [Catalina-utility-1] org.apache.catalina.startup.HostConfig.undeploy Undeploying context [/Annuaire]
24-Feb-2026 23:48:04.303 INFO [Catalina-utility-1] org.apache.catalina.startup.HostConfig.deployWAR Deploying web application archive [/mnt/c/Users/abdel/Documents/Code/AW/TP3/TP3/apache-tomcat-11.0.1/webapps/Annuaire.war]
24-Feb-2026 23:50:24.935 INFO [Catalina-utility-1] org.apache.jasper.servlet.TldScanner.scanJars At least one JAR was scanned for TLDs yet contained no TLDs. Enable debug logging for this logger for a complete list of JARs that were scanned but no TLDs were found in them. Skipping unneeded JARs during scanning can improve startup time and JSP compilation time.
24-Feb-2026 23:50:25.167 INFO [Catalina-utility-1] org.apache.catalina.startup.HostConfig.deployWAR Deployment of web application archive [/mnt/c/Users/abdel/Documents/Code/AW/TP3/TP3/apache-tomcat-11.0.1/webapps/Annuaire.war] has finished in [140,864] ms
24-Feb-2026 23:50:35.398 INFO [Catalina-utility-1] org.apache.catalina.startup.HostConfig.undeploy Undeploying context [/Annuaire]
24-Feb-2026 23:50:39.475 INFO [Catalina-utility-1] org.apache.catalina.startup.HostConfig.deployWAR Deploying web application archive [/mnt/c/Users/abdel/Documents/Code/AW/TP3/TP3/apache-tomcat-11.0.1/webapps/Annuaire.war]
24-Feb-2026 23:52:58.120 INFO [Catalina-utility-1] org.apache.jasper.servlet.TldScanner.scanJars At least one JAR was scanned for TLDs yet contained no TLDs. Enable debug logging for this logger for a complete list of JARs that were scanned but no TLDs were found in them. Skipping unneeded JARs during scanning can improve startup time and JSP compilation time.
24-Feb-2026 23:52:58.390 INFO [Catalina-utility-1] org.apache.catalina.startup.HostConfig.deployWAR Deployment of web application archive [/mnt/c/Users/abdel/Documents/Code/AW/TP3/TP3/apache-tomcat-11.0.1/webapps/Annuaire.war] has finished in [138,914] ms
24-Feb-2026 23:54:11.935 INFO [Catalina-utility-1] org.apache.catalina.startup.HostConfig.undeploy Undeploying context [/Annuaire]
24-Feb-2026 23:54:15.666 INFO [Catalina-utility-1] org.apache.catalina.startup.HostConfig.deployWAR Deploying web application archive [/mnt/c/Users/abdel/Documents/Code/AW/TP3/TP3/apache-tomcat-11.0.1/webapps/Annuaire.war]
24-Feb-2026 23:56:32.564 INFO [Catalina-utility-1] org.apache.jasper.servlet.TldScanner.scanJars At least one JAR was scanned for TLDs yet contained no TLDs. Enable debug logging for this logger for a complete list of JARs that were scanned but no TLDs were found in them. Skipping unneeded JARs during scanning can improve startup time and JSP compilation time.
24-Feb-2026 23:56:32.834 INFO [Catalina-utility-1] org.apache.catalina.startup.HostConfig.deployWAR Deployment of web application archive [/mnt/c/Users/abdel/Documents/Code/AW/TP3/TP3/apache-tomcat-11.0.1/webapps/Annuaire.war] has finished in [137,168] ms
24-Feb-2026 23:56:43.022 INFO [Catalina-utility-2] org.apache.catalina.startup.HostConfig.undeploy Undeploying context [/facade]
24-Feb-2026 23:56:51.621 INFO [Catalina-utility-2] org.apache.catalina.startup.HostConfig.deployWAR Deploying web application archive [/mnt/c/Users/abdel/Documents/Code/AW/TP3/TP3/apache-tomcat-11.0.1/webapps/facade.war]
24-Feb-2026 23:59:34.693 INFO [Catalina-utility-2] org.apache.jasper.servlet.TldScanner.scanJars At least one JAR was scanned for TLDs yet contained no TLDs. Enable debug logging for this logger for a complete list of JARs that were scanned but no TLDs were found in them. Skipping unneeded JARs during scanning can improve startup time and JSP compilation time.
