25-Feb-2026 00:02:37.823 INFO [Catalina-utility-2] org.apache.catalina.startup.HostConfig.deployWAR Deployment of web application archive [/mnt/c/Users/abdel/Documents/Code/AW/TP3/TP3/apache-tomcat-11.0.1/webapps/facade.war] has finished in [346,201] ms
25-Feb-2026 00:14:00.261 INFO [main] org.apache.catalina.startup.VersionLoggerListener.log Server version name:   Apache Tomcat/11.0.1
25-Feb-2026 00:14:00.271 INFO [main] org.apache.catalina.startup.VersionLoggerListener.log Server built:          Nov 6 2024 19:08:24 UTC
25-Feb-2026 00:14:00.272 INFO [main] org.apache.catalina.startup.VersionLoggerListener.log Server version number: 11.0.1.0
25-Feb-2026 00:14:00.273 INFO [main] org.apache.catalina.startup.VersionLoggerListener.log OS Name:               Linux
25-Feb-2026 00:14:00.274 INFO [main] org.apache.catalina.startup.VersionLoggerListener.log OS Version:            6.6.87.2-microsoft-standard-WSL2
25-Feb-2026 00:14:00.274 INFO [main] org.apache.catalina.startup.VersionLoggerListener.log Architecture:          amd64
25-Feb-2026 00:14:00.275 INFO [main] org.apache.catalina.startup.VersionLoggerListener.log Java Home:             /usr/lib/jvm/java-17-openjdk-amd64
25-Feb-2026 00:14:00.276 INFO [main] org.apache.catalina.startup.VersionLoggerListener.log JVM Version:           17.0.18+8-Ubuntu-124.04.1
25-Feb-2026 00:14:00.276 INFO [main] org.apache.catalina.startup.VersionLoggerListener.log JVM Vendor:            Ubuntu
25-Feb-2026 00:14:00.277 INFO [main] org.apache.catalina.startup.VersionLoggerListener.log CATALINA_BASE:         /mnt/c/Users/abdel/Documents/Code/AW/TP3/TP3/apache-tomcat-11.0.1
25-Feb-2026 00:14:00.277 INFO [main] org.apache.catalina.startup.VersionLoggerListener.log CATALINA_HOME:         /mnt/c/Users/abdel/Documents/Code/AW/TP3/TP3/apache-tomcat-11.0.1
25-Feb-2026 00:14:00.307 INFO [main] org.apache.catalina.startup.VersionLoggerListener.log Command line argument: -Djava.util.logging.config.file=/mnt/c/Users/abdel/Documents/Code/AW/TP3/TP3/apache-tomcat-11.0.1/conf/logging.properties
25-Feb-2026 00:14:00.308 INFO [main] org.apache.catalina.startup.VersionLoggerListener.log Command line argument: -Djava.util.logging.manager=org.apache.juli.ClassLoaderLogManager
25-Feb-2026 00:14:00.309 INFO [main] org.apache.catalina.startup.VersionLoggerListener.log Command line argument: -Djdk.tls.ephemeralDHKeySize=2048
25-Feb-2026 00:14:00.310 INFO [main] org.apache.catalina.startup.VersionLoggerListener.log Command line argument: -Dorg.apache.catalina.security.SecurityListener.UMASK=0027
25-Feb-2026 00:14:00.310 INFO [main] org.apache.catalina.startup.VersionLoggerListener.log Command line argument: --add-opens=java.base/java.lang=ALL-UNNAMED
25-Feb-2026 00:14:00.311 INFO [main] org.apache.catalina.startup.VersionLoggerListener.log Command line argument: --add-opens=java.base/java.io=ALL-UNNAMED
25-Feb-2026 00:14:00.312 INFO [main] org.apache.catalina.startup.VersionLoggerListener.log Command line argument: --add-opens=java.base/java.util=ALL-UNNAMED
25-Feb-2026 00:14:00.312 INFO [main] org.apache.catalina.startup.VersionLoggerListener.log Command line argument: --add-opens=java.base/java.util.concurrent=ALL-UNNAMED
25-Feb-2026 00:14:00.313 INFO [main] org.apache.catalina.startup.VersionLoggerListener.log Command line argument: --add-opens=java.rmi/sun.rmi.transport=ALL-UNNAMED
25-Feb-2026 00:14:00.314 INFO [main] org.apache.catalina.startup.VersionLoggerListener.log Command line argument: --enable-native-access=ALL-UNNAMED
25-Feb-2026 00:14:00.314 INFO [main] org.apache.catalina.startup.VersionLoggerListener.log Command line argument: -Dcatalina.base=/mnt/c/Users/abdel/Documents/Code/AW/TP3/TP3/apache-tomcat-11.0.1
25-Feb-2026 00:14:00.315 INFO [main] org.apache.catalina.startup.VersionLoggerListener.log Command line argument: -Dcatalina.home=/mnt/c/Users/abdel/Documents/Code/AW/TP3/TP3/apache-tomcat-11.0.1
25-Feb-2026 00:14:00.316 INFO [main] org.apache.catalina.startup.VersionLoggerListener.log Command line argument: -Djava.io.tmpdir=/mnt/c/Users/abdel/Documents/Code/AW/TP3/TP3/apache-tomcat-11.0.1/temp
25-Feb-2026 00:14:00.323 INFO [main] org.apache.catalina.core.AprLifecycleListener.lifecycleEvent The Apache Tomcat Native library which allows using OpenSSL was not found on the java.library.path: [/usr/java/packages/lib:/usr/lib/x86_64-linux-gnu/jni:/lib/x86_64-linux-gnu:/usr/lib/x86_64-linux-gnu:/usr/lib/jni:/lib:/usr/lib]
25-Feb-2026 00:14:00.890 INFO [main] org.apache.coyote.AbstractProtocol.init Initializing ProtocolHandler ["http-nio-8080"]
25-Feb-2026 00:14:00.927 SEVERE [main] org.apache.catalina.util.LifecycleBase.handleSubClassException Failed to initialize component [Connector["http-nio-8080"]]
	org.apache.catalina.LifecycleException: Protocol handler initialization failed
		at org.apache.catalina.connector.Connector.initInternal(Connector.java:1035)
		at org.apache.catalina.util.LifecycleBase.init(LifecycleBase.java:122)
		at org.apache.catalina.core.StandardService.initInternal(StandardService.java:525)
		at org.apache.catalina.util.LifecycleBase.init(LifecycleBase.java:122)
		at org.apache.catalina.core.StandardServer.initInternal(StandardServer.java:953)
		at org.apache.catalina.util.LifecycleBase.init(LifecycleBase.java:122)
		at org.apache.catalina.startup.Catalina.load(Catalina.java:706)
		at org.apache.catalina.startup.Catalina.load(Catalina.java:729)
		at java.base/jdk.internal.reflect.NativeMethodAccessorImpl.invoke0(Native Method)
		at java.base/jdk.internal.reflect.NativeMethodAccessorImpl.invoke(NativeMethodAccessorImpl.java:77)
		at java.base/jdk.internal.reflect.DelegatingMethodAccessorImpl.invoke(DelegatingMethodAccessorImpl.java:43)
		at java.base/java.lang.reflect.Method.invoke(Method.java:569)
		at org.apache.catalina.startup.Bootstrap.load(Bootstrap.java:299)
		at org.apache.catalina.startup.Bootstrap.main(Bootstrap.java:469)
	Caused by: java.net.BindException: Address already in use
		at java.base/sun.nio.ch.Net.bind0(Native Method)
		at java.base/sun.nio.ch.Net.bind(Net.java:567)
		at java.base/sun.nio.ch.ServerSocketChannelImpl.netBind(ServerSocketChannelImpl.java:337)
		at java.base/sun.nio.ch.ServerSocketChannelImpl.bind(ServerSocketChannelImpl.java:294)
		at org.apache.tomcat.util.net.NioEndpoint.initServerSocket(NioEndpoint.java:240)
		at org.apache.tomcat.util.net.NioEndpoint.bind(NioEndpoint.java:195)
		at org.apache.tomcat.util.net.AbstractEndpoint.bindWithCleanup(AbstractEndpoint.java:1472)
		at org.apache.tomcat.util.net.AbstractEndpoint.init(AbstractEndpoint.java:1485)
		at org.apache.coyote.AbstractProtocol.init(AbstractProtocol.java:633)
		at org.apache.coyote.http11.AbstractHttp11Protocol.init(AbstractHttp11Protocol.java:83)
		at org.apache.catalina.connector.Connector.initInternal(Connector.java:1033)
		... 13 more
25-Feb-2026 00:14:00.929 INFO [main] org.apache.catalina.startup.Catalina.load Server initialization in [1238] milliseconds
25-Feb-2026 00:14:01.081 INFO [main] org.apache.catalina.core.StandardService.startInternal Starting service [Catalina]
25-Feb-2026 00:14:01.082 INFO [main] org.apache.catalina.core.StandardEngine.startInternal Starting Servlet engine: [Apache Tomcat/11.0.1]
25-Feb-2026 00:14:01.211 INFO [main] org.apache.catalina.startup.HostConfig.deployWAR Deploying web application archive [/mnt/c/Users/abdel/Documents/Code/AW/TP3/TP3/apache-tomcat-11.0.1/webapps/Annuaire.war]
25-Feb-2026 00:14:01.322 INFO [main] org.apache.catalina.startup.ExpandWar.expand An expanded directory [/mnt/c/Users/abdel/Documents/Code/AW/TP3/TP3/apache-tomcat-11.0.1/webapps/Annuaire] was found with a last modified time that did not match the associated WAR. It will be deleted.
25-Feb-2026 00:15:28.793 INFO [main] org.apache.jasper.servlet.TldScanner.scanJars At least one JAR was scanned for TLDs yet contained no TLDs. Enable debug logging for this logger for a complete list of JARs that were scanned but no TLDs were found in them. Skipping unneeded JARs during scanning can improve startup time and JSP compilation time.
25-Feb-2026 00:15:29.099 INFO [main] org.apache.catalina.startup.HostConfig.deployWAR Deployment of web application archive [/mnt/c/Users/abdel/Documents/Code/AW/TP3/TP3/apache-tomcat-11.0.1/webapps/Annuaire.war] has finished in [87,887] ms
25-Feb-2026 00:15:29.122 INFO [main] org.apache.catalina.startup.HostConfig.deployWAR Deploying web application archive [/mnt/c/Users/abdel/Documents/Code/AW/TP3/TP3/apache-tomcat-11.0.1/webapps/facade.war]
25-Feb-2026 00:15:29.179 INFO [main] org.apache.catalina.startup.ExpandWar.expand An expanded directory [/mnt/c/Users/abdel/Documents/Code/AW/TP3/TP3/apache-tomcat-11.0.1/webapps/facade] was found with a last modified time that did not match the associated WAR. It will be deleted.
25-Feb-2026 00:17:11.198 INFO [main] org.apache.jasper.servlet.TldScanner.scanJars At least one JAR was scanned for TLDs yet contained no TLDs. Enable debug logging for this logger for a complete list of JARs that were scanned but no TLDs were found in them. Skipping unneeded JARs during scanning can improve startup time and JSP compilation time.
25-Feb-2026 00:18:58.525 INFO [main] org.apache.catalina.startup.HostConfig.deployWAR Deployment of web application archive [/mnt/c/Users/abdel/Documents/Code/AW/TP3/TP3/apache-tomcat-11.0.1/webapps/facade.war] has finished in [209,402] ms
25-Feb-2026 00:18:58.535 INFO [main] org.apache.catalina.startup.HostConfig.deployDirectory Deploying web application directory [/mnt/c/Users/abdel/Documents/Code/AW/TP3/TP3/apache-tomcat-11.0.1/webapps/docs]
25-Feb-2026 00:18:59.362 INFO [main] org.apache.catalina.startup.HostConfig.deployDirectory Deployment of web application directory [/mnt/c/Users/abdel/Documents/Code/AW/TP3/TP3/apache-tomcat-11.0.1/webapps/docs] has finished in [827] ms
25-Feb-2026 00:18:59.365 INFO [main] org.apache.catalina.startup.HostConfig.deployDirectory Deploying web application directory [/mnt/c/Users/abdel/Documents/Code/AW/TP3/TP3/apache-tomcat-11.0.1/webapps/examples]
25-Feb-2026 00:19:08.981 INFO [main] org.apache.catalina.startup.HostConfig.deployDirectory Deployment of web application directory [/mnt/c/Users/abdel/Documents/Code/AW/TP3/TP3/apache-tomcat-11.0.1/webapps/examples] has finished in [9,616] ms
25-Feb-2026 00:19:08.989 INFO [main] org.apache.catalina.startup.HostConfig.deployDirectory Deploying web application directory [/mnt/c/Users/abdel/Documents/Code/AW/TP3/TP3/apache-tomcat-11.0.1/webapps/host-manager]
25-Feb-2026 00:19:09.793 INFO [main] org.apache.catalina.startup.HostConfig.deployDirectory Deployment of web application directory [/mnt/c/Users/abdel/Documents/Code/AW/TP3/TP3/apache-tomcat-11.0.1/webapps/host-manager] has finished in [803] ms
25-Feb-2026 00:19:09.796 INFO [main] org.apache.catalina.startup.HostConfig.deployDirectory Deploying web application directory [/mnt/c/Users/abdel/Documents/Code/AW/TP3/TP3/apache-tomcat-11.0.1/webapps/manager]
25-Feb-2026 00:19:10.726 INFO [main] org.apache.catalina.startup.HostConfig.deployDirectory Deployment of web application directory [/mnt/c/Users/abdel/Documents/Code/AW/TP3/TP3/apache-tomcat-11.0.1/webapps/manager] has finished in [929] ms
25-Feb-2026 00:19:10.729 INFO [main] org.apache.catalina.startup.HostConfig.deployDirectory Deploying web application directory [/mnt/c/Users/abdel/Documents/Code/AW/TP3/TP3/apache-tomcat-11.0.1/webapps/ROOT]
25-Feb-2026 00:19:11.317 INFO [main] org.apache.catalina.startup.HostConfig.deployDirectory Deployment of web application directory [/mnt/c/Users/abdel/Documents/Code/AW/TP3/TP3/apache-tomcat-11.0.1/webapps/ROOT] has finished in [587] ms
25-Feb-2026 00:19:11.331 INFO [main] org.apache.catalina.startup.Catalina.start Server startup in [310401] milliseconds
25-Feb-2026 00:19:11.333 SEVERE [main] org.apache.catalina.core.StandardServer.await Failed to create server shutdown socket on address [localhost] and port [8005] (base port [8005] and offset [0])
	java.net.BindException: Address already in use
		at java.base/sun.nio.ch.Net.bind0(Native Method)
		at java.base/sun.nio.ch.Net.bind(Net.java:567)
		at java.base/sun.nio.ch.Net.bind(Net.java:556)
		at java.base/sun.nio.ch.NioSocketImpl.bind(NioSocketImpl.java:648)
		at java.base/java.net.ServerSocket.bind(ServerSocket.java:388)
		at java.base/java.net.ServerSocket.<init>(ServerSocket.java:274)
		at org.apache.catalina.core.StandardServer.await(StandardServer.java:532)
		at org.apache.catalina.startup.Catalina.await(Catalina.java:845)
		at org.apache.catalina.startup.Catalina.start(Catalina.java:793)
		at java.base/jdk.internal.reflect.NativeMethodAccessorImpl.invoke0(Native Method)
		at java.base/jdk.internal.reflect.NativeMethodAccessorImpl.invoke(NativeMethodAccessorImpl.java:77)
		at java.base/jdk.internal.reflect.DelegatingMethodAccessorImpl.invoke(DelegatingMethodAccessorImpl.java:43)
		at java.base/java.lang.reflect.Method.invoke(Method.java:569)
		at org.apache.catalina.startup.Bootstrap.start(Bootstrap.java:342)
		at org.apache.catalina.startup.Bootstrap.main(Bootstrap.java:470)
25-Feb-2026 00:19:11.334 INFO [main] org.apache.coyote.AbstractProtocol.pause Pausing ProtocolHandler ["http-nio-8080"]
25-Feb-2026 00:19:11.335 INFO [main] org.apache.catalina.core.StandardService.stopInternal Stopping service [Catalina]
25-Feb-2026 00:19:12.127 INFO [main] org.apache.coyote.AbstractProtocol.stop Stopping ProtocolHandler ["http-nio-8080"]
25-Feb-2026 00:19:12.132 INFO [main] org.apache.coyote.AbstractProtocol.destroy Destroying ProtocolHandler ["http-nio-8080"]
25-Feb-2026 00:21:09.137 INFO [Catalina-utility-1] org.apache.catalina.startup.HostConfig.undeploy Undeploying context [/Annuaire]
25-Feb-2026 00:21:11.746 INFO [Catalina-utility-1] org.apache.catalina.startup.HostConfig.deployWAR Deploying web application archive [/mnt/c/Users/abdel/Documents/Code/AW/TP3/TP3/apache-tomcat-11.0.1/webapps/Annuaire.war]
25-Feb-2026 00:22:32.110 INFO [Catalina-utility-1] org.apache.jasper.servlet.TldScanner.scanJars At least one JAR was scanned for TLDs yet contained no TLDs. Enable debug logging for this logger for a complete list of JARs that were scanned but no TLDs were found in them. Skipping unneeded JARs during scanning can improve startup time and JSP compilation time.
25-Feb-2026 00:22:32.265 INFO [Catalina-utility-1] org.apache.catalina.startup.HostConfig.deployWAR Deployment of web application archive [/mnt/c/Users/abdel/Documents/Code/AW/TP3/TP3/apache-tomcat-11.0.1/webapps/Annuaire.war] has finished in [80,518] ms
25-Feb-2026 00:22:42.365 INFO [Catalina-utility-2] org.apache.catalina.startup.HostConfig.undeploy Undeploying context [/facade]
25-Feb-2026 00:22:46.898 INFO [Catalina-utility-2] org.apache.catalina.startup.HostConfig.deployWAR Deploying web application archive [/mnt/c/Users/abdel/Documents/Code/AW/TP3/TP3/apache-tomcat-11.0.1/webapps/facade.war]
25-Feb-2026 00:24:26.112 INFO [Catalina-utility-2] org.apache.jasper.servlet.TldScanner.scanJars At least one JAR was scanned for TLDs yet contained no TLDs. Enable debug logging for this logger for a complete list of JARs that were scanned but no TLDs were found in them. Skipping unneeded JARs during scanning can improve startup time and JSP compilation time.
25-Feb-2026 00:26:27.091 INFO [Catalina-utility-2] org.apache.catalina.startup.HostConfig.deployWAR Deployment of web application archive [/mnt/c/Users/abdel/Documents/Code/AW/TP3/TP3/apache-tomcat-11.0.1/webapps/facade.war] has finished in [220,192] ms
25-Feb-2026 00:26:37.179 INFO [Catalina-utility-1] org.apache.catalina.startup.HostConfig.undeploy Undeploying context [/facade]
25-Feb-2026 00:26:41.791 INFO [Catalina-utility-1] org.apache.catalina.startup.HostConfig.undeploy Undeploying context [/Annuaire]
25-Feb-2026 00:26:44.042 INFO [Catalina-utility-1] org.apache.catalina.startup.HostConfig.deployWAR Deploying web application archive [/mnt/c/Users/abdel/Documents/Code/AW/TP3/TP3/apache-tomcat-11.0.1/webapps/Annuaire.war]
25-Feb-2026 00:28:04.731 INFO [Catalina-utility-1] org.apache.jasper.servlet.TldScanner.scanJars At least one JAR was scanned for TLDs yet contained no TLDs. Enable debug logging for this logger for a complete list of JARs that were scanned but no TLDs were found in them. Skipping unneeded JARs during scanning can improve startup time and JSP compilation time.
25-Feb-2026 00:28:04.876 INFO [Catalina-utility-1] org.apache.catalina.startup.HostConfig.deployWAR Deployment of web application archive [/mnt/c/Users/abdel/Documents/Code/AW/TP3/TP3/apache-tomcat-11.0.1/webapps/Annuaire.war] has finished in [80,835] ms
25-Feb-2026 00:28:04.896 INFO [Catalina-utility-1] org.apache.catalina.startup.HostConfig.deployWAR Deploying web application archive [/mnt/c/Users/abdel/Documents/Code/AW/TP3/TP3/apache-tomcat-11.0.1/webapps/facade.war]
25-Feb-2026 00:29:45.634 INFO [Catalina-utility-1] org.apache.jasper.servlet.TldScanner.scanJars At least one JAR was scanned for TLDs yet contained no TLDs. Enable debug logging for this logger for a complete list of JARs that were scanned but no TLDs were found in them. Skipping unneeded JARs during scanning can improve startup time and JSP compilation time.
25-Feb-2026 00:35:26.536 INFO [main] org.apache.catalina.startup.VersionLoggerListener.log Server version name:   Apache Tomcat/11.0.1
25-Feb-2026 00:35:26.543 INFO [main] org.apache.catalina.startup.VersionLoggerListener.log Server built:          Nov 6 2024 19:08:24 UTC
25-Feb-2026 00:35:26.544 INFO [main] org.apache.catalina.startup.VersionLoggerListener.log Server version number: 11.0.1.0
25-Feb-2026 00:35:26.545 INFO [main] org.apache.catalina.startup.VersionLoggerListener.log OS Name:               Linux
25-Feb-2026 00:35:26.545 INFO [main] org.apache.catalina.startup.VersionLoggerListener.log OS Version:            6.6.87.2-microsoft-standard-WSL2
25-Feb-2026 00:35:26.546 INFO [main] org.apache.catalina.startup.VersionLoggerListener.log Architecture:          amd64
25-Feb-2026 00:35:26.547 INFO [main] org.apache.catalina.startup.VersionLoggerListener.log Java Home:             /usr/lib/jvm/java-17-openjdk-amd64
25-Feb-2026 00:35:26.547 INFO [main] org.apache.catalina.startup.VersionLoggerListener.log JVM Version:           17.0.18+8-Ubuntu-124.04.1
25-Feb-2026 00:35:26.548 INFO [main] org.apache.catalina.startup.VersionLoggerListener.log JVM Vendor:            Ubuntu
25-Feb-2026 00:35:26.549 INFO [main] org.apache.catalina.startup.VersionLoggerListener.log CATALINA_BASE:         /mnt/c/Users/abdel/Documents/Code/AW/TP3/TP3/apache-tomcat-11.0.1
25-Feb-2026 00:35:26.549 INFO [main] org.apache.catalina.startup.VersionLoggerListener.log CATALINA_HOME:         /mnt/c/Users/abdel/Documents/Code/AW/TP3/TP3/apache-tomcat-11.0.1
25-Feb-2026 00:35:26.558 INFO [main] org.apache.catalina.startup.VersionLoggerListener.log Command line argument: -Djava.util.logging.config.file=/mnt/c/Users/abdel/Documents/Code/AW/TP3/TP3/apache-tomcat-11.0.1/conf/logging.properties
25-Feb-2026 00:35:26.559 INFO [main] org.apache.catalina.startup.VersionLoggerListener.log Command line argument: -Djava.util.logging.manager=org.apache.juli.ClassLoaderLogManager
25-Feb-2026 00:35:26.560 INFO [main] org.apache.catalina.startup.VersionLoggerListener.log Command line argument: -Djdk.tls.ephemeralDHKeySize=2048
25-Feb-2026 00:35:26.560 INFO [main] org.apache.catalina.startup.VersionLoggerListener.log Command line argument: -Dorg.apache.catalina.security.SecurityListener.UMASK=0027
25-Feb-2026 00:35:26.561 INFO [main] org.apache.catalina.startup.VersionLoggerListener.log Command line argument: --add-opens=java.base/java.lang=ALL-UNNAMED
25-Feb-2026 00:35:26.562 INFO [main] org.apache.catalina.startup.VersionLoggerListener.log Command line argument: --add-opens=java.base/java.io=ALL-UNNAMED
25-Feb-2026 00:35:26.563 INFO [main] org.apache.catalina.startup.VersionLoggerListener.log Command line argument: --add-opens=java.base/java.util=ALL-UNNAMED
25-Feb-2026 00:35:26.563 INFO [main] org.apache.catalina.startup.VersionLoggerListener.log Command line argument: --add-opens=java.base/java.util.concurrent=ALL-UNNAMED
25-Feb-2026 00:35:26.564 INFO [main] org.apache.catalina.startup.VersionLoggerListener.log Command line argument: --add-opens=java.rmi/sun.rmi.transport=ALL-UNNAMED
25-Feb-2026 00:35:26.564 INFO [main] org.apache.catalina.startup.VersionLoggerListener.log Command line argument: --enable-native-access=ALL-UNNAMED
25-Feb-2026 00:35:26.565 INFO [main] org.apache.catalina.startup.VersionLoggerListener.log Command line argument: -Dcatalina.base=/mnt/c/Users/abdel/Documents/Code/AW/TP3/TP3/apache-tomcat-11.0.1
25-Feb-2026 00:35:26.565 INFO [main] org.apache.catalina.startup.VersionLoggerListener.log Command line argument: -Dcatalina.home=/mnt/c/Users/abdel/Documents/Code/AW/TP3/TP3/apache-tomcat-11.0.1
25-Feb-2026 00:35:26.566 INFO [main] org.apache.catalina.startup.VersionLoggerListener.log Command line argument: -Djava.io.tmpdir=/mnt/c/Users/abdel/Documents/Code/AW/TP3/TP3/apache-tomcat-11.0.1/temp
25-Feb-2026 00:35:26.574 INFO [main] org.apache.catalina.core.AprLifecycleListener.lifecycleEvent The Apache Tomcat Native library which allows using OpenSSL was not found on the java.library.path: [/usr/java/packages/lib:/usr/lib/x86_64-linux-gnu/jni:/lib/x86_64-linux-gnu:/usr/lib/x86_64-linux-gnu:/usr/lib/jni:/lib:/usr/lib]
25-Feb-2026 00:35:27.178 INFO [main] org.apache.coyote.AbstractProtocol.init Initializing ProtocolHandler ["http-nio-8080"]
25-Feb-2026 00:35:27.259 INFO [main] org.apache.catalina.startup.Catalina.load Server initialization in [1300] milliseconds
25-Feb-2026 00:35:27.417 INFO [main] org.apache.catalina.core.StandardService.startInternal Starting service [Catalina]
25-Feb-2026 00:35:27.418 INFO [main] org.apache.catalina.core.StandardEngine.startInternal Starting Servlet engine: [Apache Tomcat/11.0.1]
25-Feb-2026 00:35:27.528 INFO [main] org.apache.catalina.startup.HostConfig.deployWAR Deploying web application archive [/mnt/c/Users/abdel/Documents/Code/AW/TP3/TP3/apache-tomcat-11.0.1/webapps/Annuaire.war]
25-Feb-2026 00:35:27.649 INFO [main] org.apache.catalina.startup.ExpandWar.expand An expanded directory [/mnt/c/Users/abdel/Documents/Code/AW/TP3/TP3/apache-tomcat-11.0.1/webapps/Annuaire] was found with a last modified time that did not match the associated WAR. It will be deleted.
25-Feb-2026 00:37:05.587 INFO [main] org.apache.jasper.servlet.TldScanner.scanJars At least one JAR was scanned for TLDs yet contained no TLDs. Enable debug logging for this logger for a complete list of JARs that were scanned but no TLDs were found in them. Skipping unneeded JARs during scanning can improve startup time and JSP compilation time.
25-Feb-2026 00:37:05.872 INFO [main] org.apache.catalina.startup.HostConfig.deployWAR Deployment of web application archive [/mnt/c/Users/abdel/Documents/Code/AW/TP3/TP3/apache-tomcat-11.0.1/webapps/Annuaire.war] has finished in [98,343] ms
25-Feb-2026 00:37:05.891 INFO [main] org.apache.catalina.startup.HostConfig.deployWAR Deploying web application archive [/mnt/c/Users/abdel/Documents/Code/AW/TP3/TP3/apache-tomcat-11.0.1/webapps/facade.war]
25-Feb-2026 00:37:05.947 INFO [main] org.apache.catalina.startup.ExpandWar.expand An expanded directory [/mnt/c/Users/abdel/Documents/Code/AW/TP3/TP3/apache-tomcat-11.0.1/webapps/facade] was found with a last modified time that did not match the associated WAR. It will be deleted.
25-Feb-2026 00:38:32.911 INFO [main] org.apache.jasper.servlet.TldScanner.scanJars At least one JAR was scanned for TLDs yet contained no TLDs. Enable debug logging for this logger for a complete list of JARs that were scanned but no TLDs were found in them. Skipping unneeded JARs during scanning can improve startup time and JSP compilation time.
25-Feb-2026 00:40:14.819 INFO [main] org.apache.catalina.startup.HostConfig.deployWAR Deployment of web application archive [/mnt/c/Users/abdel/Documents/Code/AW/TP3/TP3/apache-tomcat-11.0.1/webapps/facade.war] has finished in [188,928] ms
25-Feb-2026 00:40:14.828 INFO [main] org.apache.catalina.startup.HostConfig.deployDirectory Deploying web application directory [/mnt/c/Users/abdel/Documents/Code/AW/TP3/TP3/apache-tomcat-11.0.1/webapps/docs]
25-Feb-2026 00:40:15.544 INFO [main] org.apache.catalina.startup.HostConfig.deployDirectory Deployment of web application directory [/mnt/c/Users/abdel/Documents/Code/AW/TP3/TP3/apache-tomcat-11.0.1/webapps/docs] has finished in [716] ms
25-Feb-2026 00:40:15.548 INFO [main] org.apache.catalina.startup.HostConfig.deployDirectory Deploying web application directory [/mnt/c/Users/abdel/Documents/Code/AW/TP3/TP3/apache-tomcat-11.0.1/webapps/examples]
25-Feb-2026 00:40:25.011 INFO [main] org.apache.catalina.startup.HostConfig.deployDirectory Deployment of web application directory [/mnt/c/Users/abdel/Documents/Code/AW/TP3/TP3/apache-tomcat-11.0.1/webapps/examples] has finished in [9,464] ms
25-Feb-2026 00:40:25.020 INFO [main] org.apache.catalina.startup.HostConfig.deployDirectory Deploying web application directory [/mnt/c/Users/abdel/Documents/Code/AW/TP3/TP3/apache-tomcat-11.0.1/webapps/host-manager]
25-Feb-2026 00:40:25.860 INFO [main] org.apache.catalina.startup.HostConfig.deployDirectory Deployment of web application directory [/mnt/c/Users/abdel/Documents/Code/AW/TP3/TP3/apache-tomcat-11.0.1/webapps/host-manager] has finished in [840] ms
25-Feb-2026 00:40:25.864 INFO [main] org.apache.catalina.startup.HostConfig.deployDirectory Deploying web application directory [/mnt/c/Users/abdel/Documents/Code/AW/TP3/TP3/apache-tomcat-11.0.1/webapps/manager]
25-Feb-2026 00:40:26.804 INFO [main] org.apache.catalina.startup.HostConfig.deployDirectory Deployment of web application directory [/mnt/c/Users/abdel/Documents/Code/AW/TP3/TP3/apache-tomcat-11.0.1/webapps/manager] has finished in [941] ms
25-Feb-2026 00:40:26.808 INFO [main] org.apache.catalina.startup.HostConfig.deployDirectory Deploying web application directory [/mnt/c/Users/abdel/Documents/Code/AW/TP3/TP3/apache-tomcat-11.0.1/webapps/ROOT]
25-Feb-2026 00:40:27.442 INFO [main] org.apache.catalina.startup.HostConfig.deployDirectory Deployment of web application directory [/mnt/c/Users/abdel/Documents/Code/AW/TP3/TP3/apache-tomcat-11.0.1/webapps/ROOT] has finished in [633] ms
25-Feb-2026 00:40:27.461 INFO [main] org.apache.coyote.AbstractProtocol.start Starting ProtocolHandler ["http-nio-8080"]
25-Feb-2026 00:40:27.497 INFO [main] org.apache.catalina.startup.Catalina.start Server startup in [300237] milliseconds
25-Feb-2026 00:40:47.671 INFO [main] org.apache.catalina.startup.VersionLoggerListener.log Server version name:   Apache Tomcat/11.0.1
25-Feb-2026 00:40:47.679 INFO [main] org.apache.catalina.startup.VersionLoggerListener.log Server built:          Nov 6 2024 19:08:24 UTC
25-Feb-2026 00:40:47.680 INFO [main] org.apache.catalina.startup.VersionLoggerListener.log Server version number: 11.0.1.0
25-Feb-2026 00:40:47.681 INFO [main] org.apache.catalina.startup.VersionLoggerListener.log OS Name:               Linux
25-Feb-2026 00:40:47.682 INFO [main] org.apache.catalina.startup.VersionLoggerListener.log OS Version:            6.6.87.2-microsoft-standard-WSL2
25-Feb-2026 00:40:47.682 INFO [main] org.apache.catalina.startup.VersionLoggerListener.log Architecture:          amd64
25-Feb-2026 00:40:47.683 INFO [main] org.apache.catalina.startup.VersionLoggerListener.log Java Home:             /usr/lib/jvm/java-17-openjdk-amd64
25-Feb-2026 00:40:47.684 INFO [main] org.apache.catalina.startup.VersionLoggerListener.log JVM Version:           17.0.18+8-Ubuntu-124.04.1
25-Feb-2026 00:40:47.684 INFO [main] org.apache.catalina.startup.VersionLoggerListener.log JVM Vendor:            Ubuntu
25-Feb-2026 00:40:47.685 INFO [main] org.apache.catalina.startup.VersionLoggerListener.log CATALINA_BASE:         /mnt/c/Users/abdel/Documents/Code/AW/TP3/TP3/apache-tomcat-11.0.1
25-Feb-2026 00:40:47.685 INFO [main] org.apache.catalina.startup.VersionLoggerListener.log CATALINA_HOME:         /mnt/c/Users/abdel/Documents/Code/AW/TP3/TP3/apache-tomcat-11.0.1
25-Feb-2026 00:40:47.696 INFO [main] org.apache.catalina.startup.VersionLoggerListener.log Command line argument: -Djava.util.logging.config.file=/mnt/c/Users/abdel/Documents/Code/AW/TP3/TP3/apache-tomcat-11.0.1/conf/logging.properties
25-Feb-2026 00:40:47.697 INFO [main] org.apache.catalina.startup.VersionLoggerListener.log Command line argument: -Djava.util.logging.manager=org.apache.juli.ClassLoaderLogManager
25-Feb-2026 00:40:47.698 INFO [main] org.apache.catalina.startup.VersionLoggerListener.log Command line argument: -Djdk.tls.ephemeralDHKeySize=2048
25-Feb-2026 00:40:47.699 INFO [main] org.apache.catalina.startup.VersionLoggerListener.log Command line argument: -Dorg.apache.catalina.security.SecurityListener.UMASK=0027
25-Feb-2026 00:40:47.700 INFO [main] org.apache.catalina.startup.VersionLoggerListener.log Command line argument: --add-opens=java.base/java.lang=ALL-UNNAMED
25-Feb-2026 00:40:47.700 INFO [main] org.apache.catalina.startup.VersionLoggerListener.log Command line argument: --add-opens=java.base/java.io=ALL-UNNAMED
25-Feb-2026 00:40:47.701 INFO [main] org.apache.catalina.startup.VersionLoggerListener.log Command line argument: --add-opens=java.base/java.util=ALL-UNNAMED
25-Feb-2026 00:40:47.702 INFO [main] org.apache.catalina.startup.VersionLoggerListener.log Command line argument: --add-opens=java.base/java.util.concurrent=ALL-UNNAMED
25-Feb-2026 00:40:47.702 INFO [main] org.apache.catalina.startup.VersionLoggerListener.log Command line argument: --add-opens=java.rmi/sun.rmi.transport=ALL-UNNAMED
25-Feb-2026 00:40:47.703 INFO [main] org.apache.catalina.startup.VersionLoggerListener.log Command line argument: --enable-native-access=ALL-UNNAMED
25-Feb-2026 00:40:47.703 INFO [main] org.apache.catalina.startup.VersionLoggerListener.log Command line argument: -Dcatalina.base=/mnt/c/Users/abdel/Documents/Code/AW/TP3/TP3/apache-tomcat-11.0.1
25-Feb-2026 00:40:47.704 INFO [main] org.apache.catalina.startup.VersionLoggerListener.log Command line argument: -Dcatalina.home=/mnt/c/Users/abdel/Documents/Code/AW/TP3/TP3/apache-tomcat-11.0.1
25-Feb-2026 00:40:47.706 INFO [main] org.apache.catalina.startup.VersionLoggerListener.log Command line argument: -Djava.io.tmpdir=/mnt/c/Users/abdel/Documents/Code/AW/TP3/TP3/apache-tomcat-11.0.1/temp
25-Feb-2026 00:40:47.713 INFO [main] org.apache.catalina.core.AprLifecycleListener.lifecycleEvent The Apache Tomcat Native library which allows using OpenSSL was not found on the java.library.path: [/usr/java/packages/lib:/usr/lib/x86_64-linux-gnu/jni:/lib/x86_64-linux-gnu:/usr/lib/x86_64-linux-gnu:/usr/lib/jni:/lib:/usr/lib]
25-Feb-2026 00:40:48.244 INFO [main] org.apache.coyote.AbstractProtocol.init Initializing ProtocolHandler ["http-nio-8080"]
25-Feb-2026 00:40:48.305 INFO [main] org.apache.catalina.startup.Catalina.load Server initialization in [1180] milliseconds
25-Feb-2026 00:40:48.429 INFO [main] org.apache.catalina.core.StandardService.startInternal Starting service [Catalina]
25-Feb-2026 00:40:48.430 INFO [main] org.apache.catalina.core.StandardEngine.startInternal Starting Servlet engine: [Apache Tomcat/11.0.1]
25-Feb-2026 00:40:48.548 INFO [main] org.apache.catalina.startup.HostConfig.deployWAR Deploying web application archive [/mnt/c/Users/abdel/Documents/Code/AW/TP3/TP3/apache-tomcat-11.0.1/webapps/facade.war]
25-Feb-2026 00:40:48.659 INFO [main] org.apache.catalina.startup.ExpandWar.expand An expanded directory [/mnt/c/Users/abdel/Documents/Code/AW/TP3/TP3/apache-tomcat-11.0.1/webapps/facade] was found with a last modified time that did not match the associated WAR. It will be deleted.
25-Feb-2026 00:42:15.736 INFO [main] org.apache.jasper.servlet.TldScanner.scanJars At least one JAR was scanned for TLDs yet contained no TLDs. Enable debug logging for this logger for a complete list of JARs that were scanned but no TLDs were found in them. Skipping unneeded JARs during scanning can improve startup time and JSP compilation time.
25-Feb-2026 00:43:49.128 INFO [main] org.apache.catalina.startup.HostConfig.deployWAR Deployment of web application archive [/mnt/c/Users/abdel/Documents/Code/AW/TP3/TP3/apache-tomcat-11.0.1/webapps/facade.war] has finished in [180,580] ms
25-Feb-2026 00:43:49.134 INFO [main] org.apache.catalina.startup.HostConfig.deployDirectory Deploying web application directory [/mnt/c/Users/abdel/Documents/Code/AW/TP3/TP3/apache-tomcat-11.0.1/webapps/Annuaire]
25-Feb-2026 00:44:48.869 INFO [main] org.apache.jasper.servlet.TldScanner.scanJars At least one JAR was scanned for TLDs yet contained no TLDs. Enable debug logging for this logger for a complete list of JARs that were scanned but no TLDs were found in them. Skipping unneeded JARs during scanning can improve startup time and JSP compilation time.
25-Feb-2026 00:44:48.997 INFO [main] org.apache.catalina.startup.HostConfig.deployDirectory Deployment of web application directory [/mnt/c/Users/abdel/Documents/Code/AW/TP3/TP3/apache-tomcat-11.0.1/webapps/Annuaire] has finished in [59,863] ms
25-Feb-2026 00:44:49.000 INFO [main] org.apache.catalina.startup.HostConfig.deployDirectory Deploying web application directory [/mnt/c/Users/abdel/Documents/Code/AW/TP3/TP3/apache-tomcat-11.0.1/webapps/docs]
25-Feb-2026 00:44:49.688 INFO [main] org.apache.catalina.startup.HostConfig.deployDirectory Deployment of web application directory [/mnt/c/Users/abdel/Documents/Code/AW/TP3/TP3/apache-tomcat-11.0.1/webapps/docs] has finished in [688] ms
25-Feb-2026 00:44:49.691 INFO [main] org.apache.catalina.startup.HostConfig.deployDirectory Deploying web application directory [/mnt/c/Users/abdel/Documents/Code/AW/TP3/TP3/apache-tomcat-11.0.1/webapps/examples]
25-Feb-2026 00:44:58.529 INFO [main] org.apache.catalina.startup.HostConfig.deployDirectory Deployment of web application directory [/mnt/c/Users/abdel/Documents/Code/AW/TP3/TP3/apache-tomcat-11.0.1/webapps/examples] has finished in [8,837] ms
25-Feb-2026 00:44:58.536 INFO [main] org.apache.catalina.startup.HostConfig.deployDirectory Deploying web application directory [/mnt/c/Users/abdel/Documents/Code/AW/TP3/TP3/apache-tomcat-11.0.1/webapps/host-manager]
25-Feb-2026 00:44:59.282 INFO [main] org.apache.catalina.startup.HostConfig.deployDirectory Deployment of web application directory [/mnt/c/Users/abdel/Documents/Code/AW/TP3/TP3/apache-tomcat-11.0.1/webapps/host-manager] has finished in [745] ms
25-Feb-2026 00:44:59.285 INFO [main] org.apache.catalina.startup.HostConfig.deployDirectory Deploying web application directory [/mnt/c/Users/abdel/Documents/Code/AW/TP3/TP3/apache-tomcat-11.0.1/webapps/manager]
25-Feb-2026 00:45:00.176 INFO [main] org.apache.catalina.startup.HostConfig.deployDirectory Deployment of web application directory [/mnt/c/Users/abdel/Documents/Code/AW/TP3/TP3/apache-tomcat-11.0.1/webapps/manager] has finished in [891] ms
25-Feb-2026 00:45:00.179 INFO [main] org.apache.catalina.startup.HostConfig.deployDirectory Deploying web application directory [/mnt/c/Users/abdel/Documents/Code/AW/TP3/TP3/apache-tomcat-11.0.1/webapps/ROOT]
25-Feb-2026 00:45:00.756 INFO [main] org.apache.catalina.startup.HostConfig.deployDirectory Deployment of web application directory [/mnt/c/Users/abdel/Documents/Code/AW/TP3/TP3/apache-tomcat-11.0.1/webapps/ROOT] has finished in [577] ms
25-Feb-2026 00:45:00.771 INFO [main] org.apache.coyote.AbstractProtocol.start Starting ProtocolHandler ["http-nio-8080"]
25-Feb-2026 00:45:00.802 INFO [main] org.apache.catalina.startup.Catalina.start Server startup in [252495] milliseconds
25-Feb-2026 00:51:50.041 INFO [Catalina-utility-2] org.apache.catalina.startup.HostConfig.undeploy Undeploying context [/Annuaire]
25-Feb-2026 00:51:51.815 INFO [Catalina-utility-2] org.apache.catalina.startup.HostConfig.deployWAR Deploying web application archive [/mnt/c/Users/abdel/Documents/Code/AW/TP3/TP3/apache-tomcat-11.0.1/webapps/Annuaire.war]
25-Feb-2026 00:52:50.418 INFO [Catalina-utility-2] org.apache.jasper.servlet.TldScanner.scanJars At least one JAR was scanned for TLDs yet contained no TLDs. Enable debug logging for this logger for a complete list of JARs that were scanned but no TLDs were found in them. Skipping unneeded JARs during scanning can improve startup time and JSP compilation time.
25-Feb-2026 00:52:50.522 INFO [Catalina-utility-2] org.apache.catalina.startup.HostConfig.deployWAR Deployment of web application archive [/mnt/c/Users/abdel/Documents/Code/AW/TP3/TP3/apache-tomcat-11.0.1/webapps/Annuaire.war] has finished in [58,707] ms
25-Feb-2026 00:54:22.751 INFO [Catalina-utility-1] org.apache.catalina.startup.HostConfig.undeploy Undeploying context [/Annuaire]
25-Feb-2026 00:54:24.974 INFO [Catalina-utility-1] org.apache.catalina.startup.HostConfig.deployWAR Deploying web application archive [/mnt/c/Users/abdel/Documents/Code/AW/TP3/TP3/apache-tomcat-11.0.1/webapps/Annuaire.war]
25-Feb-2026 00:55:32.798 INFO [Catalina-utility-1] org.apache.jasper.servlet.TldScanner.scanJars At least one JAR was scanned for TLDs yet contained no TLDs. Enable debug logging for this logger for a complete list of JARs that were scanned but no TLDs were found in them. Skipping unneeded JARs during scanning can improve startup time and JSP compilation time.
25-Feb-2026 00:55:32.898 INFO [Catalina-utility-1] org.apache.catalina.startup.HostConfig.deployWAR Deployment of web application archive [/mnt/c/Users/abdel/Documents/Code/AW/TP3/TP3/apache-tomcat-11.0.1/webapps/Annuaire.war] has finished in [67,924] ms
25-Feb-2026 00:55:42.960 INFO [Catalina-utility-2] org.apache.catalina.startup.HostConfig.undeploy Undeploying context [/facade]
25-Feb-2026 00:55:46.612 INFO [Catalina-utility-2] org.apache.catalina.startup.HostConfig.deployWAR Deploying web application archive [/mnt/c/Users/abdel/Documents/Code/AW/TP3/TP3/apache-tomcat-11.0.1/webapps/facade.war]
25-Feb-2026 00:57:05.054 INFO [main] org.apache.catalina.startup.VersionLoggerListener.log Server version name:   Apache Tomcat/11.0.1
25-Feb-2026 00:57:05.061 INFO [main] org.apache.catalina.startup.VersionLoggerListener.log Server built:          Nov 6 2024 19:08:24 UTC
25-Feb-2026 00:57:05.062 INFO [main] org.apache.catalina.startup.VersionLoggerListener.log Server version number: 11.0.1.0
25-Feb-2026 00:57:05.063 INFO [main] org.apache.catalina.startup.VersionLoggerListener.log OS Name:               Linux
25-Feb-2026 00:57:05.064 INFO [main] org.apache.catalina.startup.VersionLoggerListener.log OS Version:            6.6.87.2-microsoft-standard-WSL2
25-Feb-2026 00:57:05.064 INFO [main] org.apache.catalina.startup.VersionLoggerListener.log Architecture:          amd64
25-Feb-2026 00:57:05.065 INFO [main] org.apache.catalina.startup.VersionLoggerListener.log Java Home:             /usr/lib/jvm/java-17-openjdk-amd64
25-Feb-2026 00:57:05.065 INFO [main] org.apache.catalina.startup.VersionLoggerListener.log JVM Version:           17.0.18+8-Ubuntu-124.04.1
25-Feb-2026 00:57:05.066 INFO [main] org.apache.catalina.startup.VersionLoggerListener.log JVM Vendor:            Ubuntu
25-Feb-2026 00:57:05.066 INFO [main] org.apache.catalina.startup.VersionLoggerListener.log CATALINA_BASE:         /mnt/c/Users/abdel/Documents/Code/AW/TP3/TP3/apache-tomcat-11.0.1
25-Feb-2026 00:57:05.067 INFO [main] org.apache.catalina.startup.VersionLoggerListener.log CATALINA_HOME:         /mnt/c/Users/abdel/Documents/Code/AW/TP3/TP3/apache-tomcat-11.0.1
25-Feb-2026 00:57:05.077 INFO [main] org.apache.catalina.startup.VersionLoggerListener.log Command line argument: -Djava.util.logging.config.file=/mnt/c/Users/abdel/Documents/Code/AW/TP3/TP3/apache-tomcat-11.0.1/conf/logging.properties
25-Feb-2026 00:57:05.078 INFO [main] org.apache.catalina.startup.VersionLoggerListener.log Command line argument: -Djava.util.logging.manager=org.apache.juli.ClassLoaderLogManager
25-Feb-2026 00:57:05.079 INFO [main] org.apache.catalina.startup.VersionLoggerListener.log Command line argument: -Djdk.tls.ephemeralDHKeySize=2048
25-Feb-2026 00:57:05.080 INFO [main] org.apache.catalina.startup.VersionLoggerListener.log Command line argument: -Dorg.apache.catalina.security.SecurityListener.UMASK=0027
25-Feb-2026 00:57:05.080 INFO [main] org.apache.catalina.startup.VersionLoggerListener.log Command line argument: --add-opens=java.base/java.lang=ALL-UNNAMED
25-Feb-2026 00:57:05.081 INFO [main] org.apache.catalina.startup.VersionLoggerListener.log Command line argument: --add-opens=java.base/java.io=ALL-UNNAMED
25-Feb-2026 00:57:05.082 INFO [main] org.apache.catalina.startup.VersionLoggerListener.log Command line argument: --add-opens=java.base/java.util=ALL-UNNAMED
25-Feb-2026 00:57:05.083 INFO [main] org.apache.catalina.startup.VersionLoggerListener.log Command line argument: --add-opens=java.base/java.util.concurrent=ALL-UNNAMED
25-Feb-2026 00:57:05.083 INFO [main] org.apache.catalina.startup.VersionLoggerListener.log Command line argument: --add-opens=java.rmi/sun.rmi.transport=ALL-UNNAMED
25-Feb-2026 00:57:05.083 INFO [main] org.apache.catalina.startup.VersionLoggerListener.log Command line argument: --enable-native-access=ALL-UNNAMED
25-Feb-2026 00:57:05.084 INFO [main] org.apache.catalina.startup.VersionLoggerListener.log Command line argument: -Dcatalina.base=/mnt/c/Users/abdel/Documents/Code/AW/TP3/TP3/apache-tomcat-11.0.1
25-Feb-2026 00:57:05.084 INFO [main] org.apache.catalina.startup.VersionLoggerListener.log Command line argument: -Dcatalina.home=/mnt/c/Users/abdel/Documents/Code/AW/TP3/TP3/apache-tomcat-11.0.1
25-Feb-2026 00:57:05.085 INFO [main] org.apache.catalina.startup.VersionLoggerListener.log Command line argument: -Djava.io.tmpdir=/mnt/c/Users/abdel/Documents/Code/AW/TP3/TP3/apache-tomcat-11.0.1/temp
25-Feb-2026 00:57:05.092 INFO [main] org.apache.catalina.core.AprLifecycleListener.lifecycleEvent The Apache Tomcat Native library which allows using OpenSSL was not found on the java.library.path: [/usr/java/packages/lib:/usr/lib/x86_64-linux-gnu/jni:/lib/x86_64-linux-gnu:/usr/lib/x86_64-linux-gnu:/usr/lib/jni:/lib:/usr/lib]
25-Feb-2026 00:57:05.628 INFO [main] org.apache.coyote.AbstractProtocol.init Initializing ProtocolHandler ["http-nio-8080"]
25-Feb-2026 00:57:05.694 INFO [main] org.apache.catalina.startup.Catalina.load Server initialization in [1134] milliseconds
25-Feb-2026 00:57:05.809 INFO [main] org.apache.catalina.core.StandardService.startInternal Starting service [Catalina]
25-Feb-2026 00:57:05.809 INFO [main] org.apache.catalina.core.StandardEngine.startInternal Starting Servlet engine: [Apache Tomcat/11.0.1]
25-Feb-2026 00:57:05.910 INFO [main] org.apache.catalina.startup.HostConfig.deployWAR Deploying web application archive [/mnt/c/Users/abdel/Documents/Code/AW/TP3/TP3/apache-tomcat-11.0.1/webapps/Annuaire.war]
25-Feb-2026 00:57:06.007 INFO [main] org.apache.catalina.startup.ExpandWar.expand An expanded directory [/mnt/c/Users/abdel/Documents/Code/AW/TP3/TP3/apache-tomcat-11.0.1/webapps/Annuaire] was found with a last modified time that did not match the associated WAR. It will be deleted.
25-Feb-2026 00:58:16.180 INFO [main] org.apache.jasper.servlet.TldScanner.scanJars At least one JAR was scanned for TLDs yet contained no TLDs. Enable debug logging for this logger for a complete list of JARs that were scanned but no TLDs were found in them. Skipping unneeded JARs during scanning can improve startup time and JSP compilation time.
25-Feb-2026 00:58:16.466 INFO [main] org.apache.catalina.startup.HostConfig.deployWAR Deployment of web application archive [/mnt/c/Users/abdel/Documents/Code/AW/TP3/TP3/apache-tomcat-11.0.1/webapps/Annuaire.war] has finished in [70,555] ms
25-Feb-2026 00:58:16.484 INFO [main] org.apache.catalina.startup.HostConfig.deployWAR Deploying web application archive [/mnt/c/Users/abdel/Documents/Code/AW/TP3/TP3/apache-tomcat-11.0.1/webapps/facade.war]
25-Feb-2026 00:58:16.539 INFO [main] org.apache.catalina.startup.ExpandWar.expand An expanded directory [/mnt/c/Users/abdel/Documents/Code/AW/TP3/TP3/apache-tomcat-11.0.1/webapps/facade] was found with a last modified time that did not match the associated WAR. It will be deleted.
25-Feb-2026 00:59:40.950 INFO [main] org.apache.jasper.servlet.TldScanner.scanJars At least one JAR was scanned for TLDs yet contained no TLDs. Enable debug logging for this logger for a complete list of JARs that were scanned but no TLDs were found in them. Skipping unneeded JARs during scanning can improve startup time and JSP compilation time.
25-Feb-2026 01:01:07.869 INFO [main] org.apache.catalina.startup.HostConfig.deployWAR Deployment of web application archive [/mnt/c/Users/abdel/Documents/Code/AW/TP3/TP3/apache-tomcat-11.0.1/webapps/facade.war] has finished in [171,385] ms
25-Feb-2026 01:01:07.878 INFO [main] org.apache.catalina.startup.HostConfig.deployDirectory Deploying web application directory [/mnt/c/Users/abdel/Documents/Code/AW/TP3/TP3/apache-tomcat-11.0.1/webapps/docs]
25-Feb-2026 01:01:08.529 INFO [main] org.apache.catalina.startup.HostConfig.deployDirectory Deployment of web application directory [/mnt/c/Users/abdel/Documents/Code/AW/TP3/TP3/apache-tomcat-11.0.1/webapps/docs] has finished in [652] ms
25-Feb-2026 01:01:08.532 INFO [main] org.apache.catalina.startup.HostConfig.deployDirectory Deploying web application directory [/mnt/c/Users/abdel/Documents/Code/AW/TP3/TP3/apache-tomcat-11.0.1/webapps/examples]
25-Feb-2026 01:01:17.449 INFO [main] org.apache.catalina.startup.HostConfig.deployDirectory Deployment of web application directory [/mnt/c/Users/abdel/Documents/Code/AW/TP3/TP3/apache-tomcat-11.0.1/webapps/examples] has finished in [8,917] ms
25-Feb-2026 01:01:17.455 INFO [main] org.apache.catalina.startup.HostConfig.deployDirectory Deploying web application directory [/mnt/c/Users/abdel/Documents/Code/AW/TP3/TP3/apache-tomcat-11.0.1/webapps/host-manager]
25-Feb-2026 01:01:18.101 INFO [main] org.apache.catalina.startup.HostConfig.deployDirectory Deployment of web application directory [/mnt/c/Users/abdel/Documents/Code/AW/TP3/TP3/apache-tomcat-11.0.1/webapps/host-manager] has finished in [645] ms
25-Feb-2026 01:01:18.103 INFO [main] org.apache.catalina.startup.HostConfig.deployDirectory Deploying web application directory [/mnt/c/Users/abdel/Documents/Code/AW/TP3/TP3/apache-tomcat-11.0.1/webapps/manager]
25-Feb-2026 01:01:18.841 INFO [main] org.apache.catalina.startup.HostConfig.deployDirectory Deployment of web application directory [/mnt/c/Users/abdel/Documents/Code/AW/TP3/TP3/apache-tomcat-11.0.1/webapps/manager] has finished in [737] ms
25-Feb-2026 01:01:18.843 INFO [main] org.apache.catalina.startup.HostConfig.deployDirectory Deploying web application directory [/mnt/c/Users/abdel/Documents/Code/AW/TP3/TP3/apache-tomcat-11.0.1/webapps/ROOT]
25-Feb-2026 01:01:19.341 INFO [main] org.apache.catalina.startup.HostConfig.deployDirectory Deployment of web application directory [/mnt/c/Users/abdel/Documents/Code/AW/TP3/TP3/apache-tomcat-11.0.1/webapps/ROOT] has finished in [498] ms
25-Feb-2026 01:01:19.353 INFO [main] org.apache.coyote.AbstractProtocol.start Starting ProtocolHandler ["http-nio-8080"]
25-Feb-2026 01:01:19.388 INFO [main] org.apache.catalina.startup.Catalina.start Server startup in [254652] milliseconds
25-Feb-2026 01:03:21.507 INFO [main] org.apache.catalina.startup.VersionLoggerListener.log Server version name:   Apache Tomcat/11.0.1
25-Feb-2026 01:03:21.515 INFO [main] org.apache.catalina.startup.VersionLoggerListener.log Server built:          Nov 6 2024 19:08:24 UTC
25-Feb-2026 01:03:21.516 INFO [main] org.apache.catalina.startup.VersionLoggerListener.log Server version number: 11.0.1.0
25-Feb-2026 01:03:21.517 INFO [main] org.apache.catalina.startup.VersionLoggerListener.log OS Name:               Linux
25-Feb-2026 01:03:21.518 INFO [main] org.apache.catalina.startup.VersionLoggerListener.log OS Version:            6.6.87.2-microsoft-standard-WSL2
25-Feb-2026 01:03:21.518 INFO [main] org.apache.catalina.startup.VersionLoggerListener.log Architecture:          amd64
25-Feb-2026 01:03:21.519 INFO [main] org.apache.catalina.startup.VersionLoggerListener.log Java Home:             /usr/lib/jvm/java-17-openjdk-amd64
25-Feb-2026 01:03:21.519 INFO [main] org.apache.catalina.startup.VersionLoggerListener.log JVM Version:           17.0.18+8-Ubuntu-124.04.1
25-Feb-2026 01:03:21.520 INFO [main] org.apache.catalina.startup.VersionLoggerListener.log JVM Vendor:            Ubuntu
25-Feb-2026 01:03:21.520 INFO [main] org.apache.catalina.startup.VersionLoggerListener.log CATALINA_BASE:         /mnt/c/Users/abdel/Documents/Code/AW/TP3/TP3/apache-tomcat-11.0.1
25-Feb-2026 01:03:21.521 INFO [main] org.apache.catalina.startup.VersionLoggerListener.log CATALINA_HOME:         /mnt/c/Users/abdel/Documents/Code/AW/TP3/TP3/apache-tomcat-11.0.1
25-Feb-2026 01:03:21.531 INFO [main] org.apache.catalina.startup.VersionLoggerListener.log Command line argument: -Djava.util.logging.config.file=/mnt/c/Users/abdel/Documents/Code/AW/TP3/TP3/apache-tomcat-11.0.1/conf/logging.properties
25-Feb-2026 01:03:21.531 INFO [main] org.apache.catalina.startup.VersionLoggerListener.log Command line argument: -Djava.util.logging.manager=org.apache.juli.ClassLoaderLogManager
25-Feb-2026 01:03:21.532 INFO [main] org.apache.catalina.startup.VersionLoggerListener.log Command line argument: -Djdk.tls.ephemeralDHKeySize=2048
25-Feb-2026 01:03:21.533 INFO [main] org.apache.catalina.startup.VersionLoggerListener.log Command line argument: -Dorg.apache.catalina.security.SecurityListener.UMASK=0027
25-Feb-2026 01:03:21.534 INFO [main] org.apache.catalina.startup.VersionLoggerListener.log Command line argument: --add-opens=java.base/java.lang=ALL-UNNAMED
25-Feb-2026 01:03:21.534 INFO [main] org.apache.catalina.startup.VersionLoggerListener.log Command line argument: --add-opens=java.base/java.io=ALL-UNNAMED
25-Feb-2026 01:03:21.535 INFO [main] org.apache.catalina.startup.VersionLoggerListener.log Command line argument: --add-opens=java.base/java.util=ALL-UNNAMED
25-Feb-2026 01:03:21.535 INFO [main] org.apache.catalina.startup.VersionLoggerListener.log Command line argument: --add-opens=java.base/java.util.concurrent=ALL-UNNAMED
25-Feb-2026 01:03:21.536 INFO [main] org.apache.catalina.startup.VersionLoggerListener.log Command line argument: --add-opens=java.rmi/sun.rmi.transport=ALL-UNNAMED
25-Feb-2026 01:03:21.537 INFO [main] org.apache.catalina.startup.VersionLoggerListener.log Command line argument: --enable-native-access=ALL-UNNAMED
25-Feb-2026 01:03:21.537 INFO [main] org.apache.catalina.startup.VersionLoggerListener.log Command line argument: -Dcatalina.base=/mnt/c/Users/abdel/Documents/Code/AW/TP3/TP3/apache-tomcat-11.0.1
25-Feb-2026 01:03:21.538 INFO [main] org.apache.catalina.startup.VersionLoggerListener.log Command line argument: -Dcatalina.home=/mnt/c/Users/abdel/Documents/Code/AW/TP3/TP3/apache-tomcat-11.0.1
25-Feb-2026 01:03:21.538 INFO [main] org.apache.catalina.startup.VersionLoggerListener.log Command line argument: -Djava.io.tmpdir=/mnt/c/Users/abdel/Documents/Code/AW/TP3/TP3/apache-tomcat-11.0.1/temp
25-Feb-2026 01:03:21.545 INFO [main] org.apache.catalina.core.AprLifecycleListener.lifecycleEvent The Apache Tomcat Native library which allows using OpenSSL was not found on the java.library.path: [/usr/java/packages/lib:/usr/lib/x86_64-linux-gnu/jni:/lib/x86_64-linux-gnu:/usr/lib/x86_64-linux-gnu:/usr/lib/jni:/lib:/usr/lib]
25-Feb-2026 01:03:22.065 INFO [main] org.apache.coyote.AbstractProtocol.init Initializing ProtocolHandler ["http-nio-8080"]
25-Feb-2026 01:03:22.127 INFO [main] org.apache.catalina.startup.Catalina.load Server initialization in [1126] milliseconds
25-Feb-2026 01:03:22.253 INFO [main] org.apache.catalina.core.StandardService.startInternal Starting service [Catalina]
25-Feb-2026 01:03:22.254 INFO [main] org.apache.catalina.core.StandardEngine.startInternal Starting Servlet engine: [Apache Tomcat/11.0.1]
25-Feb-2026 01:03:22.379 INFO [main] org.apache.catalina.startup.HostConfig.deployWAR Deploying web application archive [/mnt/c/Users/abdel/Documents/Code/AW/TP3/TP3/apache-tomcat-11.0.1/webapps/Annuaire.war]
25-Feb-2026 01:03:22.489 INFO [main] org.apache.catalina.startup.ExpandWar.expand An expanded directory [/mnt/c/Users/abdel/Documents/Code/AW/TP3/TP3/apache-tomcat-11.0.1/webapps/Annuaire] was found with a last modified time that did not match the associated WAR. It will be deleted.
25-Feb-2026 01:04:27.366 INFO [main] org.apache.jasper.servlet.TldScanner.scanJars At least one JAR was scanned for TLDs yet contained no TLDs. Enable debug logging for this logger for a complete list of JARs that were scanned but no TLDs were found in them. Skipping unneeded JARs during scanning can improve startup time and JSP compilation time.
25-Feb-2026 01:04:27.613 INFO [main] org.apache.catalina.startup.HostConfig.deployWAR Deployment of web application archive [/mnt/c/Users/abdel/Documents/Code/AW/TP3/TP3/apache-tomcat-11.0.1/webapps/Annuaire.war] has finished in [65,234] ms
25-Feb-2026 01:04:27.658 INFO [main] org.apache.catalina.startup.HostConfig.deployWAR Deploying web application archive [/mnt/c/Users/abdel/Documents/Code/AW/TP3/TP3/apache-tomcat-11.0.1/webapps/facade.war]
25-Feb-2026 01:04:27.703 INFO [main] org.apache.catalina.startup.ExpandWar.expand An expanded directory [/mnt/c/Users/abdel/Documents/Code/AW/TP3/TP3/apache-tomcat-11.0.1/webapps/facade] was found with a last modified time that did not match the associated WAR. It will be deleted.
25-Feb-2026 01:05:48.897 INFO [main] org.apache.jasper.servlet.TldScanner.scanJars At least one JAR was scanned for TLDs yet contained no TLDs. Enable debug logging for this logger for a complete list of JARs that were scanned but no TLDs were found in them. Skipping unneeded JARs during scanning can improve startup time and JSP compilation time.
25-Feb-2026 01:07:13.219 INFO [main] org.apache.catalina.startup.HostConfig.deployWAR Deployment of web application archive [/mnt/c/Users/abdel/Documents/Code/AW/TP3/TP3/apache-tomcat-11.0.1/webapps/facade.war] has finished in [165,560] ms
25-Feb-2026 01:07:13.230 INFO [main] org.apache.catalina.startup.HostConfig.deployDirectory Deploying web application directory [/mnt/c/Users/abdel/Documents/Code/AW/TP3/TP3/apache-tomcat-11.0.1/webapps/docs]
25-Feb-2026 01:07:14.022 INFO [main] org.apache.catalina.startup.HostConfig.deployDirectory Deployment of web application directory [/mnt/c/Users/abdel/Documents/Code/AW/TP3/TP3/apache-tomcat-11.0.1/webapps/docs] has finished in [793] ms
25-Feb-2026 01:07:14.025 INFO [main] org.apache.catalina.startup.HostConfig.deployDirectory Deploying web application directory [/mnt/c/Users/abdel/Documents/Code/AW/TP3/TP3/apache-tomcat-11.0.1/webapps/examples]
25-Feb-2026 01:07:22.668 INFO [main] org.apache.catalina.startup.HostConfig.deployDirectory Deployment of web application directory [/mnt/c/Users/abdel/Documents/Code/AW/TP3/TP3/apache-tomcat-11.0.1/webapps/examples] has finished in [8,643] ms
25-Feb-2026 01:07:22.675 INFO [main] org.apache.catalina.startup.HostConfig.deployDirectory Deploying web application directory [/mnt/c/Users/abdel/Documents/Code/AW/TP3/TP3/apache-tomcat-11.0.1/webapps/host-manager]
25-Feb-2026 01:07:23.414 INFO [main] org.apache.catalina.startup.HostConfig.deployDirectory Deployment of web application directory [/mnt/c/Users/abdel/Documents/Code/AW/TP3/TP3/apache-tomcat-11.0.1/webapps/host-manager] has finished in [738] ms
25-Feb-2026 01:07:23.417 INFO [main] org.apache.catalina.startup.HostConfig.deployDirectory Deploying web application directory [/mnt/c/Users/abdel/Documents/Code/AW/TP3/TP3/apache-tomcat-11.0.1/webapps/manager]
25-Feb-2026 01:07:24.336 INFO [main] org.apache.catalina.startup.HostConfig.deployDirectory Deployment of web application directory [/mnt/c/Users/abdel/Documents/Code/AW/TP3/TP3/apache-tomcat-11.0.1/webapps/manager] has finished in [918] ms
25-Feb-2026 01:07:24.339 INFO [main] org.apache.catalina.startup.HostConfig.deployDirectory Deploying web application directory [/mnt/c/Users/abdel/Documents/Code/AW/TP3/TP3/apache-tomcat-11.0.1/webapps/ROOT]
25-Feb-2026 01:07:24.928 INFO [main] org.apache.catalina.startup.HostConfig.deployDirectory Deployment of web application directory [/mnt/c/Users/abdel/Documents/Code/AW/TP3/TP3/apache-tomcat-11.0.1/webapps/ROOT] has finished in [589] ms
25-Feb-2026 01:07:24.942 INFO [main] org.apache.coyote.AbstractProtocol.start Starting ProtocolHandler ["http-nio-8080"]
25-Feb-2026 01:07:24.979 INFO [main] org.apache.catalina.startup.Catalina.start Server startup in [245244] milliseconds
25-Feb-2026 01:21:41.249 INFO [Catalina-utility-2] org.apache.catalina.startup.HostConfig.undeploy Undeploying context [/Annuaire]
25-Feb-2026 01:21:43.521 INFO [Catalina-utility-2] org.apache.catalina.startup.HostConfig.deployWAR Deploying web application archive [/mnt/c/Users/abdel/Documents/Code/AW/TP3/TP3/apache-tomcat-11.0.1/webapps/Annuaire.war]
25-Feb-2026 01:22:49.264 INFO [Catalina-utility-2] org.apache.jasper.servlet.TldScanner.scanJars At least one JAR was scanned for TLDs yet contained no TLDs. Enable debug logging for this logger for a complete list of JARs that were scanned but no TLDs were found in them. Skipping unneeded JARs during scanning can improve startup time and JSP compilation time.
25-Feb-2026 01:22:49.363 INFO [Catalina-utility-2] org.apache.catalina.startup.HostConfig.deployWAR Deployment of web application archive [/mnt/c/Users/abdel/Documents/Code/AW/TP3/TP3/apache-tomcat-11.0.1/webapps/Annuaire.war] has finished in [65,841] ms
25-Feb-2026 01:22:59.435 INFO [Catalina-utility-1] org.apache.catalina.startup.HostConfig.undeploy Undeploying context [/facade]
25-Feb-2026 01:23:03.122 INFO [Catalina-utility-1] org.apache.catalina.startup.HostConfig.deployWAR Deploying web application archive [/mnt/c/Users/abdel/Documents/Code/AW/TP3/TP3/apache-tomcat-11.0.1/webapps/facade.war]
25-Feb-2026 01:24:13.171 INFO [Catalina-utility-1] org.apache.jasper.servlet.TldScanner.scanJars At least one JAR was scanned for TLDs yet contained no TLDs. Enable debug logging for this logger for a complete list of JARs that were scanned but no TLDs were found in them. Skipping unneeded JARs during scanning can improve startup time and JSP compilation time.
25-Feb-2026 01:25:29.698 INFO [Catalina-utility-1] org.apache.catalina.startup.HostConfig.deployWAR Deployment of web application archive [/mnt/c/Users/abdel/Documents/Code/AW/TP3/TP3/apache-tomcat-11.0.1/webapps/facade.war] has finished in [146,575] ms
25-Feb-2026 01:36:13.058 INFO [main] org.apache.catalina.startup.VersionLoggerListener.log Server version name:   Apache Tomcat/11.0.1
25-Feb-2026 01:36:13.068 INFO [main] org.apache.catalina.startup.VersionLoggerListener.log Server built:          Nov 6 2024 19:08:24 UTC
25-Feb-2026 01:36:13.069 INFO [main] org.apache.catalina.startup.VersionLoggerListener.log Server version number: 11.0.1.0
25-Feb-2026 01:36:13.069 INFO [main] org.apache.catalina.startup.VersionLoggerListener.log OS Name:               Linux
25-Feb-2026 01:36:13.070 INFO [main] org.apache.catalina.startup.VersionLoggerListener.log OS Version:            6.6.87.2-microsoft-standard-WSL2
25-Feb-2026 01:36:13.071 INFO [main] org.apache.catalina.startup.VersionLoggerListener.log Architecture:          amd64
25-Feb-2026 01:36:13.072 INFO [main] org.apache.catalina.startup.VersionLoggerListener.log Java Home:             /usr/lib/jvm/java-17-openjdk-amd64
25-Feb-2026 01:36:13.072 INFO [main] org.apache.catalina.startup.VersionLoggerListener.log JVM Version:           17.0.18+8-Ubuntu-124.04.1
25-Feb-2026 01:36:13.073 INFO [main] org.apache.catalina.startup.VersionLoggerListener.log JVM Vendor:            Ubuntu
25-Feb-2026 01:36:13.073 INFO [main] org.apache.catalina.startup.VersionLoggerListener.log CATALINA_BASE:         /mnt/c/Users/abdel/Documents/Code/AW/TP3/TP3/apache-tomcat-11.0.1
25-Feb-2026 01:36:13.074 INFO [main] org.apache.catalina.startup.VersionLoggerListener.log CATALINA_HOME:         /mnt/c/Users/abdel/Documents/Code/AW/TP3/TP3/apache-tomcat-11.0.1
25-Feb-2026 01:36:13.095 INFO [main] org.apache.catalina.startup.VersionLoggerListener.log Command line argument: -Djava.util.logging.config.file=/mnt/c/Users/abdel/Documents/Code/AW/TP3/TP3/apache-tomcat-11.0.1/conf/logging.properties
25-Feb-2026 01:36:13.096 INFO [main] org.apache.catalina.startup.VersionLoggerListener.log Command line argument: -Djava.util.logging.manager=org.apache.juli.ClassLoaderLogManager
25-Feb-2026 01:36:13.097 INFO [main] org.apache.catalina.startup.VersionLoggerListener.log Command line argument: -Djdk.tls.ephemeralDHKeySize=2048
25-Feb-2026 01:36:13.097 INFO [main] org.apache.catalina.startup.VersionLoggerListener.log Command line argument: -Dorg.apache.catalina.security.SecurityListener.UMASK=0027
25-Feb-2026 01:36:13.098 INFO [main] org.apache.catalina.startup.VersionLoggerListener.log Command line argument: --add-opens=java.base/java.lang=ALL-UNNAMED
25-Feb-2026 01:36:13.099 INFO [main] org.apache.catalina.startup.VersionLoggerListener.log Command line argument: --add-opens=java.base/java.io=ALL-UNNAMED
25-Feb-2026 01:36:13.100 INFO [main] org.apache.catalina.startup.VersionLoggerListener.log Command line argument: --add-opens=java.base/java.util=ALL-UNNAMED
25-Feb-2026 01:36:13.100 INFO [main] org.apache.catalina.startup.VersionLoggerListener.log Command line argument: --add-opens=java.base/java.util.concurrent=ALL-UNNAMED
25-Feb-2026 01:36:13.101 INFO [main] org.apache.catalina.startup.VersionLoggerListener.log Command line argument: --add-opens=java.rmi/sun.rmi.transport=ALL-UNNAMED
25-Feb-2026 01:36:13.102 INFO [main] org.apache.catalina.startup.VersionLoggerListener.log Command line argument: --enable-native-access=ALL-UNNAMED
25-Feb-2026 01:36:13.102 INFO [main] org.apache.catalina.startup.VersionLoggerListener.log Command line argument: -Dcatalina.base=/mnt/c/Users/abdel/Documents/Code/AW/TP3/TP3/apache-tomcat-11.0.1
25-Feb-2026 01:36:13.103 INFO [main] org.apache.catalina.startup.VersionLoggerListener.log Command line argument: -Dcatalina.home=/mnt/c/Users/abdel/Documents/Code/AW/TP3/TP3/apache-tomcat-11.0.1
25-Feb-2026 01:36:13.104 INFO [main] org.apache.catalina.startup.VersionLoggerListener.log Command line argument: -Djava.io.tmpdir=/mnt/c/Users/abdel/Documents/Code/AW/TP3/TP3/apache-tomcat-11.0.1/temp
25-Feb-2026 01:36:13.111 INFO [main] org.apache.catalina.core.AprLifecycleListener.lifecycleEvent The Apache Tomcat Native library which allows using OpenSSL was not found on the java.library.path: [/usr/java/packages/lib:/usr/lib/x86_64-linux-gnu/jni:/lib/x86_64-linux-gnu:/usr/lib/x86_64-linux-gnu:/usr/lib/jni:/lib:/usr/lib]
25-Feb-2026 01:36:13.673 INFO [main] org.apache.coyote.AbstractProtocol.init Initializing ProtocolHandler ["http-nio-8080"]
25-Feb-2026 01:36:13.747 INFO [main] org.apache.catalina.startup.Catalina.load Server initialization in [1245] milliseconds
25-Feb-2026 01:36:13.863 INFO [main] org.apache.catalina.core.StandardService.startInternal Starting service [Catalina]
25-Feb-2026 01:36:13.864 INFO [main] org.apache.catalina.core.StandardEngine.startInternal Starting Servlet engine: [Apache Tomcat/11.0.1]
25-Feb-2026 01:36:13.954 INFO [main] org.apache.catalina.startup.HostConfig.deployWAR Deploying web application archive [/mnt/c/Users/abdel/Documents/Code/AW/TP3/TP3/apache-tomcat-11.0.1/webapps/Annuaire.war]
25-Feb-2026 01:36:14.051 INFO [main] org.apache.catalina.startup.ExpandWar.expand An expanded directory [/mnt/c/Users/abdel/Documents/Code/AW/TP3/TP3/apache-tomcat-11.0.1/webapps/Annuaire] was found with a last modified time that did not match the associated WAR. It will be deleted.
25-Feb-2026 01:37:24.525 INFO [main] org.apache.jasper.servlet.TldScanner.scanJars At least one JAR was scanned for TLDs yet contained no TLDs. Enable debug logging for this logger for a complete list of JARs that were scanned but no TLDs were found in them. Skipping unneeded JARs during scanning can improve startup time and JSP compilation time.
25-Feb-2026 01:37:24.787 INFO [main] org.apache.catalina.startup.HostConfig.deployWAR Deployment of web application archive [/mnt/c/Users/abdel/Documents/Code/AW/TP3/TP3/apache-tomcat-11.0.1/webapps/Annuaire.war] has finished in [70,832] ms
25-Feb-2026 01:37:24.808 INFO [main] org.apache.catalina.startup.HostConfig.deployWAR Deploying web application archive [/mnt/c/Users/abdel/Documents/Code/AW/TP3/TP3/apache-tomcat-11.0.1/webapps/facade.war]
25-Feb-2026 01:37:24.857 INFO [main] org.apache.catalina.startup.ExpandWar.expand An expanded directory [/mnt/c/Users/abdel/Documents/Code/AW/TP3/TP3/apache-tomcat-11.0.1/webapps/facade] was found with a last modified time that did not match the associated WAR. It will be deleted.
25-Feb-2026 01:38:43.160 INFO [main] org.apache.jasper.servlet.TldScanner.scanJars At least one JAR was scanned for TLDs yet contained no TLDs. Enable debug logging for this logger for a complete list of JARs that were scanned but no TLDs were found in them. Skipping unneeded JARs during scanning can improve startup time and JSP compilation time.
25-Feb-2026 01:40:07.023 INFO [main] org.apache.catalina.startup.HostConfig.deployWAR Deployment of web application archive [/mnt/c/Users/abdel/Documents/Code/AW/TP3/TP3/apache-tomcat-11.0.1/webapps/facade.war] has finished in [162,214] ms
25-Feb-2026 01:40:07.031 INFO [main] org.apache.catalina.startup.HostConfig.deployDirectory Deploying web application directory [/mnt/c/Users/abdel/Documents/Code/AW/TP3/TP3/apache-tomcat-11.0.1/webapps/docs]
25-Feb-2026 01:40:07.626 INFO [main] org.apache.catalina.startup.HostConfig.deployDirectory Deployment of web application directory [/mnt/c/Users/abdel/Documents/Code/AW/TP3/TP3/apache-tomcat-11.0.1/webapps/docs] has finished in [594] ms
25-Feb-2026 01:40:07.628 INFO [main] org.apache.catalina.startup.HostConfig.deployDirectory Deploying web application directory [/mnt/c/Users/abdel/Documents/Code/AW/TP3/TP3/apache-tomcat-11.0.1/webapps/examples]
25-Feb-2026 01:40:15.035 INFO [main] org.apache.catalina.startup.HostConfig.deployDirectory Deployment of web application directory [/mnt/c/Users/abdel/Documents/Code/AW/TP3/TP3/apache-tomcat-11.0.1/webapps/examples] has finished in [7,407] ms
25-Feb-2026 01:40:15.042 INFO [main] org.apache.catalina.startup.HostConfig.deployDirectory Deploying web application directory [/mnt/c/Users/abdel/Documents/Code/AW/TP3/TP3/apache-tomcat-11.0.1/webapps/host-manager]
25-Feb-2026 01:40:15.685 INFO [main] org.apache.catalina.startup.HostConfig.deployDirectory Deployment of web application directory [/mnt/c/Users/abdel/Documents/Code/AW/TP3/TP3/apache-tomcat-11.0.1/webapps/host-manager] has finished in [642] ms
25-Feb-2026 01:40:15.688 INFO [main] org.apache.catalina.startup.HostConfig.deployDirectory Deploying web application directory [/mnt/c/Users/abdel/Documents/Code/AW/TP3/TP3/apache-tomcat-11.0.1/webapps/manager]
25-Feb-2026 01:40:16.517 INFO [main] org.apache.catalina.startup.HostConfig.deployDirectory Deployment of web application directory [/mnt/c/Users/abdel/Documents/Code/AW/TP3/TP3/apache-tomcat-11.0.1/webapps/manager] has finished in [829] ms
25-Feb-2026 01:40:16.520 INFO [main] org.apache.catalina.startup.HostConfig.deployDirectory Deploying web application directory [/mnt/c/Users/abdel/Documents/Code/AW/TP3/TP3/apache-tomcat-11.0.1/webapps/ROOT]
25-Feb-2026 01:40:16.994 INFO [main] org.apache.catalina.startup.HostConfig.deployDirectory Deployment of web application directory [/mnt/c/Users/abdel/Documents/Code/AW/TP3/TP3/apache-tomcat-11.0.1/webapps/ROOT] has finished in [474] ms
25-Feb-2026 01:40:17.007 INFO [main] org.apache.coyote.AbstractProtocol.start Starting ProtocolHandler ["http-nio-8080"]
25-Feb-2026 01:40:17.037 INFO [main] org.apache.catalina.startup.Catalina.start Server startup in [244217] milliseconds
25-Feb-2026 01:55:13.640 INFO [Catalina-utility-2] org.apache.catalina.startup.HostConfig.undeploy Undeploying context [/Annuaire]
25-Feb-2026 01:55:15.602 INFO [Catalina-utility-2] org.apache.catalina.startup.HostConfig.deployWAR Deploying web application archive [/mnt/c/Users/abdel/Documents/Code/AW/TP3/TP3/apache-tomcat-11.0.1/webapps/Annuaire.war]
25-Feb-2026 01:56:36.394 INFO [main] org.apache.catalina.startup.VersionLoggerListener.log Server version name:   Apache Tomcat/11.0.1
25-Feb-2026 01:56:36.403 INFO [main] org.apache.catalina.startup.VersionLoggerListener.log Server built:          Nov 6 2024 19:08:24 UTC
25-Feb-2026 01:56:36.403 INFO [main] org.apache.catalina.startup.VersionLoggerListener.log Server version number: 11.0.1.0
25-Feb-2026 01:56:36.404 INFO [main] org.apache.catalina.startup.VersionLoggerListener.log OS Name:               Linux
25-Feb-2026 01:56:36.406 INFO [main] org.apache.catalina.startup.VersionLoggerListener.log OS Version:            6.6.87.2-microsoft-standard-WSL2
25-Feb-2026 01:56:36.406 INFO [main] org.apache.catalina.startup.VersionLoggerListener.log Architecture:          amd64
25-Feb-2026 01:56:36.407 INFO [main] org.apache.catalina.startup.VersionLoggerListener.log Java Home:             /usr/lib/jvm/java-17-openjdk-amd64
25-Feb-2026 01:56:36.408 INFO [main] org.apache.catalina.startup.VersionLoggerListener.log JVM Version:           17.0.18+8-Ubuntu-124.04.1
25-Feb-2026 01:56:36.409 INFO [main] org.apache.catalina.startup.VersionLoggerListener.log JVM Vendor:            Ubuntu
25-Feb-2026 01:56:36.410 INFO [main] org.apache.catalina.startup.VersionLoggerListener.log CATALINA_BASE:         /mnt/c/Users/abdel/Documents/Code/AW/TP3/TP3/apache-tomcat-11.0.1
25-Feb-2026 01:56:36.411 INFO [main] org.apache.catalina.startup.VersionLoggerListener.log CATALINA_HOME:         /mnt/c/Users/abdel/Documents/Code/AW/TP3/TP3/apache-tomcat-11.0.1
25-Feb-2026 01:56:36.422 INFO [main] org.apache.catalina.startup.VersionLoggerListener.log Command line argument: -Djava.util.logging.config.file=/mnt/c/Users/abdel/Documents/Code/AW/TP3/TP3/apache-tomcat-11.0.1/conf/logging.properties
25-Feb-2026 01:56:36.423 INFO [main] org.apache.catalina.startup.VersionLoggerListener.log Command line argument: -Djava.util.logging.manager=org.apache.juli.ClassLoaderLogManager
25-Feb-2026 01:56:36.424 INFO [main] org.apache.catalina.startup.VersionLoggerListener.log Command line argument: -Djdk.tls.ephemeralDHKeySize=2048
25-Feb-2026 01:56:36.425 INFO [main] org.apache.catalina.startup.VersionLoggerListener.log Command line argument: -Dorg.apache.catalina.security.SecurityListener.UMASK=0027
25-Feb-2026 01:56:36.426 INFO [main] org.apache.catalina.startup.VersionLoggerListener.log Command line argument: --add-opens=java.base/java.lang=ALL-UNNAMED
25-Feb-2026 01:56:36.426 INFO [main] org.apache.catalina.startup.VersionLoggerListener.log Command line argument: --add-opens=java.base/java.io=ALL-UNNAMED
25-Feb-2026 01:56:36.428 INFO [main] org.apache.catalina.startup.VersionLoggerListener.log Command line argument: --add-opens=java.base/java.util=ALL-UNNAMED
25-Feb-2026 01:56:36.428 INFO [main] org.apache.catalina.startup.VersionLoggerListener.log Command line argument: --add-opens=java.base/java.util.concurrent=ALL-UNNAMED
25-Feb-2026 01:56:36.429 INFO [main] org.apache.catalina.startup.VersionLoggerListener.log Command line argument: --add-opens=java.rmi/sun.rmi.transport=ALL-UNNAMED
25-Feb-2026 01:56:36.430 INFO [main] org.apache.catalina.startup.VersionLoggerListener.log Command line argument: --enable-native-access=ALL-UNNAMED
25-Feb-2026 01:56:36.431 INFO [main] org.apache.catalina.startup.VersionLoggerListener.log Command line argument: -Dcatalina.base=/mnt/c/Users/abdel/Documents/Code/AW/TP3/TP3/apache-tomcat-11.0.1
25-Feb-2026 01:56:36.431 INFO [main] org.apache.catalina.startup.VersionLoggerListener.log Command line argument: -Dcatalina.home=/mnt/c/Users/abdel/Documents/Code/AW/TP3/TP3/apache-tomcat-11.0.1
25-Feb-2026 01:56:36.432 INFO [main] org.apache.catalina.startup.VersionLoggerListener.log Command line argument: -Djava.io.tmpdir=/mnt/c/Users/abdel/Documents/Code/AW/TP3/TP3/apache-tomcat-11.0.1/temp
25-Feb-2026 01:56:36.442 INFO [main] org.apache.catalina.core.AprLifecycleListener.lifecycleEvent The Apache Tomcat Native library which allows using OpenSSL was not found on the java.library.path: [/usr/java/packages/lib:/usr/lib/x86_64-linux-gnu/jni:/lib/x86_64-linux-gnu:/usr/lib/x86_64-linux-gnu:/usr/lib/jni:/lib:/usr/lib]
25-Feb-2026 01:56:37.153 INFO [main] org.apache.coyote.AbstractProtocol.init Initializing ProtocolHandler ["http-nio-8080"]
25-Feb-2026 01:56:37.229 INFO [main] org.apache.catalina.startup.Catalina.load Server initialization in [1628] milliseconds
25-Feb-2026 01:56:37.421 INFO [main] org.apache.catalina.core.StandardService.startInternal Starting service [Catalina]
25-Feb-2026 01:56:37.422 INFO [main] org.apache.catalina.core.StandardEngine.startInternal Starting Servlet engine: [Apache Tomcat/11.0.1]
25-Feb-2026 01:56:37.597 INFO [main] org.apache.catalina.startup.HostConfig.deployWAR Deploying web application archive [/mnt/c/Users/abdel/Documents/Code/AW/TP3/TP3/apache-tomcat-11.0.1/webapps/Annuaire.war]
25-Feb-2026 01:56:37.769 INFO [main] org.apache.catalina.startup.ExpandWar.expand An expanded directory [/mnt/c/Users/abdel/Documents/Code/AW/TP3/TP3/apache-tomcat-11.0.1/webapps/Annuaire] was found with a last modified time that did not match the associated WAR. It will be deleted.
25-Feb-2026 01:58:34.462 INFO [main] org.apache.jasper.servlet.TldScanner.scanJars At least one JAR was scanned for TLDs yet contained no TLDs. Enable debug logging for this logger for a complete list of JARs that were scanned but no TLDs were found in them. Skipping unneeded JARs during scanning can improve startup time and JSP compilation time.
25-Feb-2026 01:58:34.927 INFO [main] org.apache.catalina.startup.HostConfig.deployWAR Deployment of web application archive [/mnt/c/Users/abdel/Documents/Code/AW/TP3/TP3/apache-tomcat-11.0.1/webapps/Annuaire.war] has finished in [117,330] ms
25-Feb-2026 01:58:34.959 INFO [main] org.apache.catalina.startup.HostConfig.deployWAR Deploying web application archive [/mnt/c/Users/abdel/Documents/Code/AW/TP3/TP3/apache-tomcat-11.0.1/webapps/facade.war]
25-Feb-2026 01:58:35.048 INFO [main] org.apache.catalina.startup.ExpandWar.expand An expanded directory [/mnt/c/Users/abdel/Documents/Code/AW/TP3/TP3/apache-tomcat-11.0.1/webapps/facade] was found with a last modified time that did not match the associated WAR. It will be deleted.
25-Feb-2026 02:00:56.629 INFO [main] org.apache.jasper.servlet.TldScanner.scanJars At least one JAR was scanned for TLDs yet contained no TLDs. Enable debug logging for this logger for a complete list of JARs that were scanned but no TLDs were found in them. Skipping unneeded JARs during scanning can improve startup time and JSP compilation time.
25-Feb-2026 02:03:24.505 INFO [main] org.apache.catalina.startup.HostConfig.deployWAR Deployment of web application archive [/mnt/c/Users/abdel/Documents/Code/AW/TP3/TP3/apache-tomcat-11.0.1/webapps/facade.war] has finished in [289,545] ms
25-Feb-2026 02:03:24.517 INFO [main] org.apache.catalina.startup.HostConfig.deployDirectory Deploying web application directory [/mnt/c/Users/abdel/Documents/Code/AW/TP3/TP3/apache-tomcat-11.0.1/webapps/docs]
25-Feb-2026 02:03:25.570 INFO [main] org.apache.catalina.startup.HostConfig.deployDirectory Deployment of web application directory [/mnt/c/Users/abdel/Documents/Code/AW/TP3/TP3/apache-tomcat-11.0.1/webapps/docs] has finished in [1,053] ms
25-Feb-2026 02:03:25.575 INFO [main] org.apache.catalina.startup.HostConfig.deployDirectory Deploying web application directory [/mnt/c/Users/abdel/Documents/Code/AW/TP3/TP3/apache-tomcat-11.0.1/webapps/examples]
25-Feb-2026 02:03:40.178 INFO [main] org.apache.catalina.startup.HostConfig.deployDirectory Deployment of web application directory [/mnt/c/Users/abdel/Documents/Code/AW/TP3/TP3/apache-tomcat-11.0.1/webapps/examples] has finished in [14,603] ms
25-Feb-2026 02:03:40.191 INFO [main] org.apache.catalina.startup.HostConfig.deployDirectory Deploying web application directory [/mnt/c/Users/abdel/Documents/Code/AW/TP3/TP3/apache-tomcat-11.0.1/webapps/host-manager]
25-Feb-2026 02:03:41.464 INFO [main] org.apache.catalina.startup.HostConfig.deployDirectory Deployment of web application directory [/mnt/c/Users/abdel/Documents/Code/AW/TP3/TP3/apache-tomcat-11.0.1/webapps/host-manager] has finished in [1,273] ms
25-Feb-2026 02:03:41.469 INFO [main] org.apache.catalina.startup.HostConfig.deployDirectory Deploying web application directory [/mnt/c/Users/abdel/Documents/Code/AW/TP3/TP3/apache-tomcat-11.0.1/webapps/manager]
25-Feb-2026 02:03:42.946 INFO [main] org.apache.catalina.startup.HostConfig.deployDirectory Deployment of web application directory [/mnt/c/Users/abdel/Documents/Code/AW/TP3/TP3/apache-tomcat-11.0.1/webapps/manager] has finished in [1,476] ms
25-Feb-2026 02:03:42.950 INFO [main] org.apache.catalina.startup.HostConfig.deployDirectory Deploying web application directory [/mnt/c/Users/abdel/Documents/Code/AW/TP3/TP3/apache-tomcat-11.0.1/webapps/ROOT]
25-Feb-2026 02:03:43.876 INFO [main] org.apache.catalina.startup.HostConfig.deployDirectory Deployment of web application directory [/mnt/c/Users/abdel/Documents/Code/AW/TP3/TP3/apache-tomcat-11.0.1/webapps/ROOT] has finished in [925] ms
25-Feb-2026 02:03:43.894 INFO [main] org.apache.coyote.AbstractProtocol.start Starting ProtocolHandler ["http-nio-8080"]
25-Feb-2026 02:03:43.946 INFO [main] org.apache.catalina.startup.Catalina.start Server startup in [432404] milliseconds
25-Feb-2026 02:11:28.041 INFO [Catalina-utility-1] org.apache.catalina.startup.HostConfig.undeploy Undeploying context [/Annuaire]
25-Feb-2026 02:11:30.193 INFO [Catalina-utility-1] org.apache.catalina.startup.HostConfig.deployWAR Deploying web application archive [/mnt/c/Users/abdel/Documents/Code/AW/TP3/TP3/apache-tomcat-11.0.1/webapps/Annuaire.war]
25-Feb-2026 02:12:33.859 INFO [main] org.apache.catalina.startup.VersionLoggerListener.log Server version name:   Apache Tomcat/11.0.1
25-Feb-2026 02:12:33.867 INFO [main] org.apache.catalina.startup.VersionLoggerListener.log Server built:          Nov 6 2024 19:08:24 UTC
25-Feb-2026 02:12:33.867 INFO [main] org.apache.catalina.startup.VersionLoggerListener.log Server version number: 11.0.1.0
25-Feb-2026 02:12:33.868 INFO [main] org.apache.catalina.startup.VersionLoggerListener.log OS Name:               Linux
25-Feb-2026 02:12:33.869 INFO [main] org.apache.catalina.startup.VersionLoggerListener.log OS Version:            6.6.87.2-microsoft-standard-WSL2
25-Feb-2026 02:12:33.870 INFO [main] org.apache.catalina.startup.VersionLoggerListener.log Architecture:          amd64
25-Feb-2026 02:12:33.870 INFO [main] org.apache.catalina.startup.VersionLoggerListener.log Java Home:             /usr/lib/jvm/java-17-openjdk-amd64
25-Feb-2026 02:12:33.870 INFO [main] org.apache.catalina.startup.VersionLoggerListener.log JVM Version:           17.0.18+8-Ubuntu-124.04.1
25-Feb-2026 02:12:33.871 INFO [main] org.apache.catalina.startup.VersionLoggerListener.log JVM Vendor:            Ubuntu
25-Feb-2026 02:12:33.871 INFO [main] org.apache.catalina.startup.VersionLoggerListener.log CATALINA_BASE:         /mnt/c/Users/abdel/Documents/Code/AW/TP3/TP3/apache-tomcat-11.0.1
25-Feb-2026 02:12:33.872 INFO [main] org.apache.catalina.startup.VersionLoggerListener.log CATALINA_HOME:         /mnt/c/Users/abdel/Documents/Code/AW/TP3/TP3/apache-tomcat-11.0.1
25-Feb-2026 02:12:33.884 INFO [main] org.apache.catalina.startup.VersionLoggerListener.log Command line argument: -Djava.util.logging.config.file=/mnt/c/Users/abdel/Documents/Code/AW/TP3/TP3/apache-tomcat-11.0.1/conf/logging.properties
25-Feb-2026 02:12:33.885 INFO [main] org.apache.catalina.startup.VersionLoggerListener.log Command line argument: -Djava.util.logging.manager=org.apache.juli.ClassLoaderLogManager
25-Feb-2026 02:12:33.886 INFO [main] org.apache.catalina.startup.VersionLoggerListener.log Command line argument: -Djdk.tls.ephemeralDHKeySize=2048
25-Feb-2026 02:12:33.886 INFO [main] org.apache.catalina.startup.VersionLoggerListener.log Command line argument: -Dorg.apache.catalina.security.SecurityListener.UMASK=0027
25-Feb-2026 02:12:33.887 INFO [main] org.apache.catalina.startup.VersionLoggerListener.log Command line argument: --add-opens=java.base/java.lang=ALL-UNNAMED
25-Feb-2026 02:12:33.887 INFO [main] org.apache.catalina.startup.VersionLoggerListener.log Command line argument: --add-opens=java.base/java.io=ALL-UNNAMED
25-Feb-2026 02:12:33.888 INFO [main] org.apache.catalina.startup.VersionLoggerListener.log Command line argument: --add-opens=java.base/java.util=ALL-UNNAMED
25-Feb-2026 02:12:33.888 INFO [main] org.apache.catalina.startup.VersionLoggerListener.log Command line argument: --add-opens=java.base/java.util.concurrent=ALL-UNNAMED
25-Feb-2026 02:12:33.889 INFO [main] org.apache.catalina.startup.VersionLoggerListener.log Command line argument: --add-opens=java.rmi/sun.rmi.transport=ALL-UNNAMED
25-Feb-2026 02:12:33.889 INFO [main] org.apache.catalina.startup.VersionLoggerListener.log Command line argument: --enable-native-access=ALL-UNNAMED
25-Feb-2026 02:12:33.890 INFO [main] org.apache.catalina.startup.VersionLoggerListener.log Command line argument: -Dcatalina.base=/mnt/c/Users/abdel/Documents/Code/AW/TP3/TP3/apache-tomcat-11.0.1
25-Feb-2026 02:12:33.890 INFO [main] org.apache.catalina.startup.VersionLoggerListener.log Command line argument: -Dcatalina.home=/mnt/c/Users/abdel/Documents/Code/AW/TP3/TP3/apache-tomcat-11.0.1
25-Feb-2026 02:12:33.891 INFO [main] org.apache.catalina.startup.VersionLoggerListener.log Command line argument: -Djava.io.tmpdir=/mnt/c/Users/abdel/Documents/Code/AW/TP3/TP3/apache-tomcat-11.0.1/temp
25-Feb-2026 02:12:33.898 INFO [main] org.apache.catalina.core.AprLifecycleListener.lifecycleEvent The Apache Tomcat Native library which allows using OpenSSL was not found on the java.library.path: [/usr/java/packages/lib:/usr/lib/x86_64-linux-gnu/jni:/lib/x86_64-linux-gnu:/usr/lib/x86_64-linux-gnu:/usr/lib/jni:/lib:/usr/lib]
25-Feb-2026 02:12:34.625 INFO [main] org.apache.coyote.AbstractProtocol.init Initializing ProtocolHandler ["http-nio-8080"]
25-Feb-2026 02:12:34.708 INFO [main] org.apache.catalina.startup.Catalina.load Server initialization in [1389] milliseconds
25-Feb-2026 02:12:34.853 INFO [main] org.apache.catalina.core.StandardService.startInternal Starting service [Catalina]
25-Feb-2026 02:12:34.854 INFO [main] org.apache.catalina.core.StandardEngine.startInternal Starting Servlet engine: [Apache Tomcat/11.0.1]
25-Feb-2026 02:12:34.961 INFO [main] org.apache.catalina.startup.HostConfig.deployWAR Deploying web application archive [/mnt/c/Users/abdel/Documents/Code/AW/TP3/TP3/apache-tomcat-11.0.1/webapps/Annuaire.war]
25-Feb-2026 02:12:35.071 INFO [main] org.apache.catalina.startup.ExpandWar.expand An expanded directory [/mnt/c/Users/abdel/Documents/Code/AW/TP3/TP3/apache-tomcat-11.0.1/webapps/Annuaire] was found with a last modified time that did not match the associated WAR. It will be deleted.
25-Feb-2026 02:13:44.690 INFO [main] org.apache.jasper.servlet.TldScanner.scanJars At least one JAR was scanned for TLDs yet contained no TLDs. Enable debug logging for this logger for a complete list of JARs that were scanned but no TLDs were found in them. Skipping unneeded JARs during scanning can improve startup time and JSP compilation time.
25-Feb-2026 02:13:44.966 INFO [main] org.apache.catalina.startup.HostConfig.deployWAR Deployment of web application archive [/mnt/c/Users/abdel/Documents/Code/AW/TP3/TP3/apache-tomcat-11.0.1/webapps/Annuaire.war] has finished in [70,004] ms
25-Feb-2026 02:13:44.984 INFO [main] org.apache.catalina.startup.HostConfig.deployWAR Deploying web application archive [/mnt/c/Users/abdel/Documents/Code/AW/TP3/TP3/apache-tomcat-11.0.1/webapps/facade.war]
25-Feb-2026 02:13:45.034 INFO [main] org.apache.catalina.startup.ExpandWar.expand An expanded directory [/mnt/c/Users/abdel/Documents/Code/AW/TP3/TP3/apache-tomcat-11.0.1/webapps/facade] was found with a last modified time that did not match the associated WAR. It will be deleted.
25-Feb-2026 02:15:08.742 INFO [main] org.apache.jasper.servlet.TldScanner.scanJars At least one JAR was scanned for TLDs yet contained no TLDs. Enable debug logging for this logger for a complete list of JARs that were scanned but no TLDs were found in them. Skipping unneeded JARs during scanning can improve startup time and JSP compilation time.
25-Feb-2026 02:16:36.661 INFO [main] org.apache.catalina.startup.HostConfig.deployWAR Deployment of web application archive [/mnt/c/Users/abdel/Documents/Code/AW/TP3/TP3/apache-tomcat-11.0.1/webapps/facade.war] has finished in [171,677] ms
25-Feb-2026 02:16:36.672 INFO [main] org.apache.catalina.startup.HostConfig.deployDirectory Deploying web application directory [/mnt/c/Users/abdel/Documents/Code/AW/TP3/TP3/apache-tomcat-11.0.1/webapps/docs]
25-Feb-2026 02:16:37.389 INFO [main] org.apache.catalina.startup.HostConfig.deployDirectory Deployment of web application directory [/mnt/c/Users/abdel/Documents/Code/AW/TP3/TP3/apache-tomcat-11.0.1/webapps/docs] has finished in [717] ms
25-Feb-2026 02:16:37.392 INFO [main] org.apache.catalina.startup.HostConfig.deployDirectory Deploying web application directory [/mnt/c/Users/abdel/Documents/Code/AW/TP3/TP3/apache-tomcat-11.0.1/webapps/examples]
25-Feb-2026 02:16:45.947 INFO [main] org.apache.catalina.startup.HostConfig.deployDirectory Deployment of web application directory [/mnt/c/Users/abdel/Documents/Code/AW/TP3/TP3/apache-tomcat-11.0.1/webapps/examples] has finished in [8,555] ms
25-Feb-2026 02:16:45.956 INFO [main] org.apache.catalina.startup.HostConfig.deployDirectory Deploying web application directory [/mnt/c/Users/abdel/Documents/Code/AW/TP3/TP3/apache-tomcat-11.0.1/webapps/host-manager]
25-Feb-2026 02:16:46.783 INFO [main] org.apache.catalina.startup.HostConfig.deployDirectory Deployment of web application directory [/mnt/c/Users/abdel/Documents/Code/AW/TP3/TP3/apache-tomcat-11.0.1/webapps/host-manager] has finished in [827] ms
25-Feb-2026 02:16:46.786 INFO [main] org.apache.catalina.startup.HostConfig.deployDirectory Deploying web application directory [/mnt/c/Users/abdel/Documents/Code/AW/TP3/TP3/apache-tomcat-11.0.1/webapps/manager]
25-Feb-2026 02:16:47.646 INFO [main] org.apache.catalina.startup.HostConfig.deployDirectory Deployment of web application directory [/mnt/c/Users/abdel/Documents/Code/AW/TP3/TP3/apache-tomcat-11.0.1/webapps/manager] has finished in [860] ms
25-Feb-2026 02:16:47.649 INFO [main] org.apache.catalina.startup.HostConfig.deployDirectory Deploying web application directory [/mnt/c/Users/abdel/Documents/Code/AW/TP3/TP3/apache-tomcat-11.0.1/webapps/ROOT]
25-Feb-2026 02:16:48.191 INFO [main] org.apache.catalina.startup.HostConfig.deployDirectory Deployment of web application directory [/mnt/c/Users/abdel/Documents/Code/AW/TP3/TP3/apache-tomcat-11.0.1/webapps/ROOT] has finished in [542] ms
25-Feb-2026 02:16:48.206 INFO [main] org.apache.coyote.AbstractProtocol.start Starting ProtocolHandler ["http-nio-8080"]
25-Feb-2026 02:16:48.250 INFO [main] org.apache.catalina.startup.Catalina.start Server startup in [258475] milliseconds
25-Feb-2026 02:25:51.108 INFO [Catalina-utility-1] org.apache.catalina.startup.HostConfig.undeploy Undeploying context [/Annuaire]
25-Feb-2026 02:25:53.219 INFO [Catalina-utility-1] org.apache.catalina.startup.HostConfig.deployWAR Deploying web application archive [/mnt/c/Users/abdel/Documents/Code/AW/TP3/TP3/apache-tomcat-11.0.1/webapps/Annuaire.war]
25-Feb-2026 02:26:57.294 INFO [main] org.apache.catalina.startup.VersionLoggerListener.log Server version name:   Apache Tomcat/11.0.1
25-Feb-2026 02:26:57.304 INFO [main] org.apache.catalina.startup.VersionLoggerListener.log Server built:          Nov 6 2024 19:08:24 UTC
25-Feb-2026 02:26:57.305 INFO [main] org.apache.catalina.startup.VersionLoggerListener.log Server version number: 11.0.1.0
25-Feb-2026 02:26:57.306 INFO [main] org.apache.catalina.startup.VersionLoggerListener.log OS Name:               Linux
25-Feb-2026 02:26:57.307 INFO [main] org.apache.catalina.startup.VersionLoggerListener.log OS Version:            6.6.87.2-microsoft-standard-WSL2
25-Feb-2026 02:26:57.307 INFO [main] org.apache.catalina.startup.VersionLoggerListener.log Architecture:          amd64
25-Feb-2026 02:26:57.308 INFO [main] org.apache.catalina.startup.VersionLoggerListener.log Java Home:             /usr/lib/jvm/java-17-openjdk-amd64
25-Feb-2026 02:26:57.309 INFO [main] org.apache.catalina.startup.VersionLoggerListener.log JVM Version:           17.0.18+8-Ubuntu-124.04.1
25-Feb-2026 02:26:57.309 INFO [main] org.apache.catalina.startup.VersionLoggerListener.log JVM Vendor:            Ubuntu
25-Feb-2026 02:26:57.310 INFO [main] org.apache.catalina.startup.VersionLoggerListener.log CATALINA_BASE:         /mnt/c/Users/abdel/Documents/Code/AW/TP3/TP3/apache-tomcat-11.0.1
25-Feb-2026 02:26:57.310 INFO [main] org.apache.catalina.startup.VersionLoggerListener.log CATALINA_HOME:         /mnt/c/Users/abdel/Documents/Code/AW/TP3/TP3/apache-tomcat-11.0.1
25-Feb-2026 02:26:57.323 INFO [main] org.apache.catalina.startup.VersionLoggerListener.log Command line argument: -Djava.util.logging.config.file=/mnt/c/Users/abdel/Documents/Code/AW/TP3/TP3/apache-tomcat-11.0.1/conf/logging.properties
25-Feb-2026 02:26:57.324 INFO [main] org.apache.catalina.startup.VersionLoggerListener.log Command line argument: -Djava.util.logging.manager=org.apache.juli.ClassLoaderLogManager
25-Feb-2026 02:26:57.325 INFO [main] org.apache.catalina.startup.VersionLoggerListener.log Command line argument: -Djdk.tls.ephemeralDHKeySize=2048
25-Feb-2026 02:26:57.325 INFO [main] org.apache.catalina.startup.VersionLoggerListener.log Command line argument: -Dorg.apache.catalina.security.SecurityListener.UMASK=0027
25-Feb-2026 02:26:57.326 INFO [main] org.apache.catalina.startup.VersionLoggerListener.log Command line argument: --add-opens=java.base/java.lang=ALL-UNNAMED
25-Feb-2026 02:26:57.326 INFO [main] org.apache.catalina.startup.VersionLoggerListener.log Command line argument: --add-opens=java.base/java.io=ALL-UNNAMED
25-Feb-2026 02:26:57.327 INFO [main] org.apache.catalina.startup.VersionLoggerListener.log Command line argument: --add-opens=java.base/java.util=ALL-UNNAMED
25-Feb-2026 02:26:57.328 INFO [main] org.apache.catalina.startup.VersionLoggerListener.log Command line argument: --add-opens=java.base/java.util.concurrent=ALL-UNNAMED
25-Feb-2026 02:26:57.329 INFO [main] org.apache.catalina.startup.VersionLoggerListener.log Command line argument: --add-opens=java.rmi/sun.rmi.transport=ALL-UNNAMED
25-Feb-2026 02:26:57.329 INFO [main] org.apache.catalina.startup.VersionLoggerListener.log Command line argument: --enable-native-access=ALL-UNNAMED
25-Feb-2026 02:26:57.330 INFO [main] org.apache.catalina.startup.VersionLoggerListener.log Command line argument: -Dcatalina.base=/mnt/c/Users/abdel/Documents/Code/AW/TP3/TP3/apache-tomcat-11.0.1
25-Feb-2026 02:26:57.331 INFO [main] org.apache.catalina.startup.VersionLoggerListener.log Command line argument: -Dcatalina.home=/mnt/c/Users/abdel/Documents/Code/AW/TP3/TP3/apache-tomcat-11.0.1
25-Feb-2026 02:26:57.332 INFO [main] org.apache.catalina.startup.VersionLoggerListener.log Command line argument: -Djava.io.tmpdir=/mnt/c/Users/abdel/Documents/Code/AW/TP3/TP3/apache-tomcat-11.0.1/temp
25-Feb-2026 02:26:57.339 INFO [main] org.apache.catalina.core.AprLifecycleListener.lifecycleEvent The Apache Tomcat Native library which allows using OpenSSL was not found on the java.library.path: [/usr/java/packages/lib:/usr/lib/x86_64-linux-gnu/jni:/lib/x86_64-linux-gnu:/usr/lib/x86_64-linux-gnu:/usr/lib/jni:/lib:/usr/lib]
25-Feb-2026 02:26:57.923 INFO [main] org.apache.coyote.AbstractProtocol.init Initializing ProtocolHandler ["http-nio-8080"]
25-Feb-2026 02:26:57.999 INFO [main] org.apache.catalina.startup.Catalina.load Server initialization in [1406] milliseconds
25-Feb-2026 02:26:58.113 INFO [main] org.apache.catalina.core.StandardService.startInternal Starting service [Catalina]
25-Feb-2026 02:26:58.114 INFO [main] org.apache.catalina.core.StandardEngine.startInternal Starting Servlet engine: [Apache Tomcat/11.0.1]
25-Feb-2026 02:26:58.215 INFO [main] org.apache.catalina.startup.HostConfig.deployWAR Deploying web application archive [/mnt/c/Users/abdel/Documents/Code/AW/TP3/TP3/apache-tomcat-11.0.1/webapps/Annuaire.war]
25-Feb-2026 02:26:58.318 INFO [main] org.apache.catalina.startup.ExpandWar.expand An expanded directory [/mnt/c/Users/abdel/Documents/Code/AW/TP3/TP3/apache-tomcat-11.0.1/webapps/Annuaire] was found with a last modified time that did not match the associated WAR. It will be deleted.
25-Feb-2026 02:28:03.697 INFO [main] org.apache.jasper.servlet.TldScanner.scanJars At least one JAR was scanned for TLDs yet contained no TLDs. Enable debug logging for this logger for a complete list of JARs that were scanned but no TLDs were found in them. Skipping unneeded JARs during scanning can improve startup time and JSP compilation time.
25-Feb-2026 02:28:03.990 INFO [main] org.apache.catalina.startup.HostConfig.deployWAR Deployment of web application archive [/mnt/c/Users/abdel/Documents/Code/AW/TP3/TP3/apache-tomcat-11.0.1/webapps/Annuaire.war] has finished in [65,774] ms
25-Feb-2026 02:28:04.009 INFO [main] org.apache.catalina.startup.HostConfig.deployWAR Deploying web application archive [/mnt/c/Users/abdel/Documents/Code/AW/TP3/TP3/apache-tomcat-11.0.1/webapps/facade.war]
25-Feb-2026 02:28:04.063 INFO [main] org.apache.catalina.startup.ExpandWar.expand An expanded directory [/mnt/c/Users/abdel/Documents/Code/AW/TP3/TP3/apache-tomcat-11.0.1/webapps/facade] was found with a last modified time that did not match the associated WAR. It will be deleted.
25-Feb-2026 02:29:21.411 INFO [main] org.apache.jasper.servlet.TldScanner.scanJars At least one JAR was scanned for TLDs yet contained no TLDs. Enable debug logging for this logger for a complete list of JARs that were scanned but no TLDs were found in them. Skipping unneeded JARs during scanning can improve startup time and JSP compilation time.
25-Feb-2026 02:30:44.823 INFO [main] org.apache.catalina.startup.HostConfig.deployWAR Deployment of web application archive [/mnt/c/Users/abdel/Documents/Code/AW/TP3/TP3/apache-tomcat-11.0.1/webapps/facade.war] has finished in [160,814] ms
25-Feb-2026 02:30:44.832 INFO [main] org.apache.catalina.startup.HostConfig.deployDirectory Deploying web application directory [/mnt/c/Users/abdel/Documents/Code/AW/TP3/TP3/apache-tomcat-11.0.1/webapps/docs]
25-Feb-2026 02:30:45.454 INFO [main] org.apache.catalina.startup.HostConfig.deployDirectory Deployment of web application directory [/mnt/c/Users/abdel/Documents/Code/AW/TP3/TP3/apache-tomcat-11.0.1/webapps/docs] has finished in [622] ms
25-Feb-2026 02:30:45.457 INFO [main] org.apache.catalina.startup.HostConfig.deployDirectory Deploying web application directory [/mnt/c/Users/abdel/Documents/Code/AW/TP3/TP3/apache-tomcat-11.0.1/webapps/examples]
25-Feb-2026 02:30:53.480 INFO [main] org.apache.catalina.startup.HostConfig.deployDirectory Deployment of web application directory [/mnt/c/Users/abdel/Documents/Code/AW/TP3/TP3/apache-tomcat-11.0.1/webapps/examples] has finished in [8,022] ms
25-Feb-2026 02:30:53.487 INFO [main] org.apache.catalina.startup.HostConfig.deployDirectory Deploying web application directory [/mnt/c/Users/abdel/Documents/Code/AW/TP3/TP3/apache-tomcat-11.0.1/webapps/host-manager]
25-Feb-2026 02:30:54.169 INFO [main] org.apache.catalina.startup.HostConfig.deployDirectory Deployment of web application directory [/mnt/c/Users/abdel/Documents/Code/AW/TP3/TP3/apache-tomcat-11.0.1/webapps/host-manager] has finished in [681] ms
25-Feb-2026 02:30:54.171 INFO [main] org.apache.catalina.startup.HostConfig.deployDirectory Deploying web application directory [/mnt/c/Users/abdel/Documents/Code/AW/TP3/TP3/apache-tomcat-11.0.1/webapps/manager]
25-Feb-2026 02:30:54.952 INFO [main] org.apache.catalina.startup.HostConfig.deployDirectory Deployment of web application directory [/mnt/c/Users/abdel/Documents/Code/AW/TP3/TP3/apache-tomcat-11.0.1/webapps/manager] has finished in [780] ms
25-Feb-2026 02:30:54.955 INFO [main] org.apache.catalina.startup.HostConfig.deployDirectory Deploying web application directory [/mnt/c/Users/abdel/Documents/Code/AW/TP3/TP3/apache-tomcat-11.0.1/webapps/ROOT]
25-Feb-2026 02:30:55.454 INFO [main] org.apache.catalina.startup.HostConfig.deployDirectory Deployment of web application directory [/mnt/c/Users/abdel/Documents/Code/AW/TP3/TP3/apache-tomcat-11.0.1/webapps/ROOT] has finished in [498] ms
25-Feb-2026 02:30:55.467 INFO [main] org.apache.coyote.AbstractProtocol.start Starting ProtocolHandler ["http-nio-8080"]
25-Feb-2026 02:30:55.504 INFO [main] org.apache.catalina.startup.Catalina.start Server startup in [240609] milliseconds
