24-Feb-2026 22:46:48.095 INFO [main] org.apache.catalina.core.ApplicationContext.log 2 Spring WebApplicationInitializers detected on classpath
24-Feb-2026 22:48:00.087 INFO [main] org.apache.catalina.core.ApplicationContext.log Initializing Spring embedded WebApplicationContext
24-Feb-2026 22:50:03.564 INFO [main] org.apache.catalina.core.ApplicationContext.log ContextListener: contextInitialized()
24-Feb-2026 22:50:03.565 INFO [main] org.apache.catalina.core.ApplicationContext.log SessionListener: contextInitialized()
24-Feb-2026 22:50:03.641 INFO [main] org.apache.catalina.core.ApplicationContext.log ContextListener: attributeAdded('StockTicker', 'async.Stockticker@5554cc4')
24-Feb-2026 23:08:16.500 INFO [Catalina-utility-1] org.apache.catalina.core.ApplicationContext.log 2 Spring WebApplicationInitializers detected on classpath
24-Feb-2026 23:09:29.770 INFO [Catalina-utility-1] org.apache.catalina.core.ApplicationContext.log Initializing Spring embedded WebApplicationContext
24-Feb-2026 23:11:25.691 INFO [Catalina-utility-2] org.apache.catalina.core.ApplicationContext.log Closing Spring root WebApplicationContext
24-Feb-2026 23:29:26.766 INFO [http-nio-8080-exec-11] org.apache.catalina.core.ApplicationContext.log Initializing Spring DispatcherServlet 'dispatcherServlet'
24-Feb-2026 23:38:39.507 INFO [Catalina-utility-1] org.apache.catalina.core.ApplicationContext.log Destroying Spring FrameworkServlet 'dispatcherServlet'
24-Feb-2026 23:38:39.508 INFO [Catalina-utility-1] org.apache.catalina.core.ApplicationContext.log Closing Spring root WebApplicationContext
24-Feb-2026 23:41:40.773 INFO [Catalina-utility-1] org.apache.catalina.core.ApplicationContext.log 2 Spring WebApplicationInitializers detected on classpath
24-Feb-2026 23:42:53.197 INFO [Catalina-utility-1] org.apache.catalina.core.ApplicationContext.log Initializing Spring embedded WebApplicationContext
24-Feb-2026 23:44:56.876 INFO [http-nio-8080-exec-35] org.apache.catalina.core.ApplicationContext.log Marking servlet [pack.Serv] as unavailable
24-Feb-2026 23:44:56.877 SEVERE [http-nio-8080-exec-35] org.apache.catalina.core.StandardWrapperValve.invoke Allocate exception for servlet [pack.Serv]
	java.lang.Error: Unresolved compilation problems: 
	Unhandled exception type SQLException
	Unhandled exception type ClassNotFoundException
	Unhandled exception type SQLException
	Unhandled exception type SQLException
	Unhandled exception type SQLException
	Unhandled exception type SQLException

		at pack.Serv.<init>(Serv.java:14)
		at java.base/jdk.internal.reflect.NativeConstructorAccessorImpl.newInstance0(Native Method)
		at java.base/jdk.internal.reflect.NativeConstructorAccessorImpl.newInstance(NativeConstructorAccessorImpl.java:77)
		at java.base/jdk.internal.reflect.DelegatingConstructorAccessorImpl.newInstance(DelegatingConstructorAccessorImpl.java:45)
		at java.base/java.lang.reflect.Constructor.newInstanceWithCaller(Constructor.java:500)
		at java.base/java.lang.reflect.Constructor.newInstance(Constructor.java:481)
		at org.apache.catalina.core.DefaultInstanceManager.newInstance(DefaultInstanceManager.java:140)
		at org.apache.catalina.core.StandardWrapper.loadServlet(StandardWrapper.java:751)
		at org.apache.catalina.core.StandardWrapper.allocate(StandardWrapper.java:568)
		at org.apache.catalina.core.StandardWrapperValve.invoke(StandardWrapperValve.java:115)
		at org.apache.catalina.core.StandardContextValve.invoke(StandardContextValve.java:79)
		at org.apache.catalina.authenticator.AuthenticatorBase.invoke(AuthenticatorBase.java:483)
		at org.apache.catalina.core.StandardHostValve.invoke(StandardHostValve.java:115)
		at org.apache.catalina.valves.ErrorReportValve.invoke(ErrorReportValve.java:93)
		at org.apache.catalina.valves.AbstractAccessLogValve.invoke(AbstractAccessLogValve.java:663)
		at org.apache.catalina.core.StandardEngineValve.invoke(StandardEngineValve.java:74)
		at org.apache.catalina.connector.CoyoteAdapter.service(CoyoteAdapter.java:342)
		at org.apache.coyote.http11.Http11Processor.service(Http11Processor.java:395)
		at org.apache.coyote.AbstractProcessorLight.process(AbstractProcessorLight.java:63)
		at org.apache.coyote.AbstractProtocol$ConnectionHandler.process(AbstractProtocol.java:905)
		at org.apache.tomcat.util.net.NioEndpoint$SocketProcessor.doRun(NioEndpoint.java:1746)
		at org.apache.tomcat.util.net.SocketProcessorBase.run(SocketProcessorBase.java:52)
		at org.apache.tomcat.util.threads.ThreadPoolExecutor.runWorker(ThreadPoolExecutor.java:1148)
		at org.apache.tomcat.util.threads.ThreadPoolExecutor$Worker.run(ThreadPoolExecutor.java:636)
		at org.apache.tomcat.util.threads.TaskThread$WrappingRunnable.run(TaskThread.java:63)
		at java.base/java.lang.Thread.run(Thread.java:840)
24-Feb-2026 23:50:11.918 INFO [http-nio-8080-exec-38] org.apache.catalina.core.ApplicationContext.log Initializing Spring DispatcherServlet 'dispatcherServlet'
24-Feb-2026 23:56:43.025 INFO [Catalina-utility-2] org.apache.catalina.core.ApplicationContext.log Destroying Spring FrameworkServlet 'dispatcherServlet'
24-Feb-2026 23:56:43.026 INFO [Catalina-utility-2] org.apache.catalina.core.ApplicationContext.log Closing Spring root WebApplicationContext
24-Feb-2026 23:59:38.923 INFO [Catalina-utility-2] org.apache.catalina.core.ApplicationContext.log 2 Spring WebApplicationInitializers detected on classpath
